olivine unresolved None
sphene nonnegative_fixed_composition 1.2627469709473942
garnet unresolved 0.34366169595168555
melilite unresolved 0.5672554990438937
orthopyroxene unresolved 0.2185841225043271
clinopyroxene unresolved 0.23450391208789323
aenigmatite nonnegative_fixed_composition 0.7787418589507649
cummingtonite unresolved 0.420677338680177
clinoamphibole unresolved 0.41942487296721653
orthoamphibole unresolved 0.4273760621146613
hornblende unresolved 0.5016588078807348
biotite unresolved 0.6742002042070887
muscovite nonnegative_fixed_composition 1.0323924667903193
alkali-feldspar unresolved 0.4419105791563353
plagioclase unresolved 0.4208356738968202
quartz nonnegative_fixed_composition 0.46137614143460653
tridymite nonnegative_fixed_composition 0.3993654902228052
cristobalite nonnegative_fixed_composition 0.4385806823398778
nepheline unresolved 0.5515810915455027
kalsilite unresolved 0.5746197043316674
leucite unresolved 0.42936741720340127
corundum nonnegative_fixed_composition 0.8546026566438133
sillimanite nonnegative_fixed_composition 0.7076099289207162
rutile nonnegative_fixed_composition 1.9048530070618157
perovskite nonnegative_fixed_composition 1.6989330536994158
spinel unresolved 0.5108961357648661
rhm-oxide unresolved None
ortho-oxide unresolved 1.6120426512177344
whitlockite nonnegative_fixed_composition 0.6515129889855399
apatite nonnegative_fixed_composition 0.8374073098606265
water nonnegative_fixed_composition 11.782111331474702
alloy-solid unresolved 0.23060278394072328
alloy-liquid unresolved 0.04536556585019169
local_curvature numerically_positive_local_curvature
