/home/kawahara/anaconda3/envs/myenv39/lib/python3.9/site-packages/scipy/optimize/_slsqp_py.py:437: RuntimeWarning: Values in x were outside bounds during a minimize step, clipping to bounds
  fx = wrapped_fun(x)
/home/kawahara/anaconda3/envs/myenv39/lib/python3.9/site-packages/scipy/optimize/_slsqp_py.py:441: RuntimeWarning: Values in x were outside bounds during a minimize step, clipping to bounds
  g = append(wrapped_grad(x), 0.0)
{"nodes_evaluated": 101, "best_value_upper_rt": "-4.557288366078597621062099665557676620E-14", "global_lower_bound_rt": "-10.413234541141270568260095073524236255457333171490", "elapsed_seconds": 5.293849373236299}
{"nodes_evaluated": 201, "best_value_upper_rt": "-4.557288366078597621062099665557676620E-14", "global_lower_bound_rt": "-7.6714074275588715720650195970014589758412635708843", "elapsed_seconds": 10.634710531681776}
{"nodes_evaluated": 301, "best_value_upper_rt": "-4.557288366078597621062099665557676620E-14", "global_lower_bound_rt": "-6.6092521822474563239463000740073366010065766965790", "elapsed_seconds": 15.982437193393707}
{"nodes_evaluated": 401, "best_value_upper_rt": "-4.557288366078597621062099665557676620E-14", "global_lower_bound_rt": "-5.5460272974314750625626677475844121822326094668786", "elapsed_seconds": 21.233599349856377}
{"nodes_evaluated": 501, "best_value_upper_rt": "-4.557288366078597621062099665557676620E-14", "global_lower_bound_rt": "-5.0163569194320966402505453674967589636962694102682", "elapsed_seconds": 26.484849890694022}
{"nodes_evaluated": 601, "best_value_upper_rt": "-4.557288366078597621062099665557676620E-14", "global_lower_bound_rt": "-4.3501368339682549190690303671808775948563942073643", "elapsed_seconds": 31.599927423521876}
{"nodes_evaluated": 701, "best_value_upper_rt": "-4.557288366078597621062099665557676620E-14", "global_lower_bound_rt": "-3.9718639534139509308434582724542773365512445151513", "elapsed_seconds": 36.733038641512394}
{"nodes_evaluated": 801, "best_value_upper_rt": "-4.557288366078597621062099665557676620E-14", "global_lower_bound_rt": "-3.6876672648707696556404097286555272517479096347927", "elapsed_seconds": 41.86773824132979}
{"nodes_evaluated": 901, "best_value_upper_rt": "-4.557288366078597621062099665557676620E-14", "global_lower_bound_rt": "-3.4450058740586574323017131924706333028606042991290", "elapsed_seconds": 47.06356127560139}
{"nodes_evaluated": 1001, "best_value_upper_rt": "-4.557288366078597621062099665557676620E-14", "global_lower_bound_rt": "-3.2056752571019446530485240311073103945248807901904", "elapsed_seconds": 52.19761345349252}
{"nodes_evaluated": 1101, "best_value_upper_rt": "-4.557288366078597621062099665557676620E-14", "global_lower_bound_rt": "-3.0416713143746509080811449679160990083478363002427", "elapsed_seconds": 57.37993265688419}
{"nodes_evaluated": 1201, "best_value_upper_rt": "-4.557288366078597621062099665557676620E-14", "global_lower_bound_rt": "-2.9054906343148115982285160997498457968526948020615", "elapsed_seconds": 62.6079072766006}
{"nodes_evaluated": 1301, "best_value_upper_rt": "-4.557288366078597621062099665557676620E-14", "global_lower_bound_rt": "-2.7225889184682268486178353617453739097460648540232", "elapsed_seconds": 67.77115022577345}
{"nodes_evaluated": 1401, "best_value_upper_rt": "-4.557288366078597621062099665557676620E-14", "global_lower_bound_rt": "-2.6191891900845205952014942282540632132499847736417", "elapsed_seconds": 72.9476113859564}
{"nodes_evaluated": 1501, "best_value_upper_rt": "-4.557288366078597621062099665557676620E-14", "global_lower_bound_rt": "-2.5332706180092517312128458055791971799490996101815", "elapsed_seconds": 78.18968196772039}
{"nodes_evaluated": 1601, "best_value_upper_rt": "-4.557288366078597621062099665557676620E-14", "global_lower_bound_rt": "-2.4516965636767532434321443311207556809039764754935", "elapsed_seconds": 83.39765096455812}
{"nodes_evaluated": 1701, "best_value_upper_rt": "-4.557288366078597621062099665557676620E-14", "global_lower_bound_rt": "-2.3944456947768859537820302260242019681284400376933", "elapsed_seconds": 88.66108110174537}
{"nodes_evaluated": 1801, "best_value_upper_rt": "-4.557288366078597621062099665557676620E-14", "global_lower_bound_rt": "-2.2938810111416549254571874782444489912478305189526", "elapsed_seconds": 93.88059506565332}
{"nodes_evaluated": 1901, "best_value_upper_rt": "-4.557288366078597621062099665557676620E-14", "global_lower_bound_rt": "-2.2103276041065188885321957952834912193454140322496", "elapsed_seconds": 99.03969952836633}
{"nodes_evaluated": 2001, "best_value_upper_rt": "-4.557288366078597621062099665557676620E-14", "global_lower_bound_rt": "-2.1498954238364819571490027579545414322196378107973", "elapsed_seconds": 104.26076462119818}
{"nodes_evaluated": 2101, "best_value_upper_rt": "-4.557288366078597621062099665557676620E-14", "global_lower_bound_rt": "-2.0862258803984913485448138014439935613502701197226", "elapsed_seconds": 109.57146282866597}
{"nodes_evaluated": 2201, "best_value_upper_rt": "-4.557288366078597621062099665557676620E-14", "global_lower_bound_rt": "-2.0531288874666273491439797378230449208035136542332", "elapsed_seconds": 114.8482196573168}
{"nodes_evaluated": 2301, "best_value_upper_rt": "-4.557288366078597621062099665557676620E-14", "global_lower_bound_rt": "-1.9784713647573378203599363993400439941981120482171", "elapsed_seconds": 120.13941752538085}
{"nodes_evaluated": 2401, "best_value_upper_rt": "-4.557288366078597621062099665557676620E-14", "global_lower_bound_rt": "-1.9278671960871139062067537544237102622519122598008", "elapsed_seconds": 125.3506404850632}
{"nodes_evaluated": 2501, "best_value_upper_rt": "-4.557288366078597621062099665557676620E-14", "global_lower_bound_rt": "-1.8770018458658105668925338158593034615780466329891", "elapsed_seconds": 130.54705903306603}
{"nodes_evaluated": 2601, "best_value_upper_rt": "-4.557288366078597621062099665557676620E-14", "global_lower_bound_rt": "-1.8278761262608814607078863937070266190219117075041", "elapsed_seconds": 135.80108373984694}
{"nodes_evaluated": 2701, "best_value_upper_rt": "-4.557288366078597621062099665557676620E-14", "global_lower_bound_rt": "-1.7928128095724752077096662320832771214620199548078", "elapsed_seconds": 141.1198820732534}
{"nodes_evaluated": 2801, "best_value_upper_rt": "-4.557288366078597621062099665557676620E-14", "global_lower_bound_rt": "-1.7402880775952730744433734259879135475512058950604", "elapsed_seconds": 146.37644898332655}
{"nodes_evaluated": 2901, "best_value_upper_rt": "-4.557288366078597621062099665557676620E-14", "global_lower_bound_rt": "-1.6789796287265523283781888838898906868759475846140", "elapsed_seconds": 151.5811183359474}
{"nodes_evaluated": 3001, "best_value_upper_rt": "-4.557288366078597621062099665557676620E-14", "global_lower_bound_rt": "-1.6432282986530626080833432163503412169605935743222", "elapsed_seconds": 156.87542406469584}
{"nodes_evaluated": 3101, "best_value_upper_rt": "-4.557288366078597621062099665557676620E-14", "global_lower_bound_rt": "-1.6023445396485325824013622004923957871787891348072", "elapsed_seconds": 162.15260198898613}
{"nodes_evaluated": 3201, "best_value_upper_rt": "-4.557288366078597621062099665557676620E-14", "global_lower_bound_rt": "-1.5662217470507830710082421190909072623333731263921", "elapsed_seconds": 167.4098236616701}
{"nodes_evaluated": 3301, "best_value_upper_rt": "-4.557288366078597621062099665557676620E-14", "global_lower_bound_rt": "-2.2357423457728774319934538018473614978812313294192", "elapsed_seconds": 172.64543659612536}
{"nodes_evaluated": 3401, "best_value_upper_rt": "-4.557288366078597621062099665557676620E-14", "global_lower_bound_rt": "-1.4932649852515800070010877272961248214845896555489", "elapsed_seconds": 177.93076967261732}
{"nodes_evaluated": 3501, "best_value_upper_rt": "-4.557288366078597621062099665557676620E-14", "global_lower_bound_rt": "-1.4659376097767823802329271992789694892778522906801", "elapsed_seconds": 183.18053050152957}
{"nodes_evaluated": 3601, "best_value_upper_rt": "-4.557288366078597621062099665557676620E-14", "global_lower_bound_rt": "-1.4306461352446838422236384143390394756675065531711", "elapsed_seconds": 188.44993618316948}
{"nodes_evaluated": 3701, "best_value_upper_rt": "-4.557288366078597621062099665557676620E-14", "global_lower_bound_rt": "-1.4040986852565965761816408975775659691301048277370", "elapsed_seconds": 193.75088865309954}
{"nodes_evaluated": 3801, "best_value_upper_rt": "-4.557288366078597621062099665557676620E-14", "global_lower_bound_rt": "-1.3721764475967137045011695053635416135984509803072", "elapsed_seconds": 199.0450451578945}
{"nodes_evaluated": 3901, "best_value_upper_rt": "-4.557288366078597621062099665557676620E-14", "global_lower_bound_rt": "-1.3464012069936360508321305974715986133200140215968", "elapsed_seconds": 204.29667966254056}
{"nodes_evaluated": 4001, "best_value_upper_rt": "-4.557288366078597621062099665557676620E-14", "global_lower_bound_rt": "-1.3131307119312117850054893350634000136649437517268", "elapsed_seconds": 209.63098838925362}
{"nodes_evaluated": 4101, "best_value_upper_rt": "-4.557288366078597621062099665557676620E-14", "global_lower_bound_rt": "-1.2851940123179221965470997591334951357095720575740", "elapsed_seconds": 214.9069146849215}
{"nodes_evaluated": 4201, "best_value_upper_rt": "-4.557288366078597621062099665557676620E-14", "global_lower_bound_rt": "-1.2654621941146262237203168413736969865077867363017", "elapsed_seconds": 220.1540441866964}
{"nodes_evaluated": 4301, "best_value_upper_rt": "-4.557288366078597621062099665557676620E-14", "global_lower_bound_rt": "-1.2374751976185372382570553736003756973816519576006", "elapsed_seconds": 225.48225024156272}
{"nodes_evaluated": 4401, "best_value_upper_rt": "-4.557288366078597621062099665557676620E-14", "global_lower_bound_rt": "-1.2119277719006248008743171440375626923604670326892", "elapsed_seconds": 230.762091582641}
{"nodes_evaluated": 4501, "best_value_upper_rt": "-4.557288366078597621062099665557676620E-14", "global_lower_bound_rt": "-1.1877877017097484919849677168066638266523664458315", "elapsed_seconds": 236.08792657591403}
{"nodes_evaluated": 4601, "best_value_upper_rt": "-4.557288366078597621062099665557676620E-14", "global_lower_bound_rt": "-1.1608684665243786983988423667762340059291924616256", "elapsed_seconds": 241.40018364787102}
{"nodes_evaluated": 4701, "best_value_upper_rt": "-4.557288366078597621062099665557676620E-14", "global_lower_bound_rt": "-1.1367378986359812627231567696766019078501810795159", "elapsed_seconds": 246.7064391579479}
{"nodes_evaluated": 4801, "best_value_upper_rt": "-4.557288366078597621062099665557676620E-14", "global_lower_bound_rt": "-1.1086298084183454689785441109234289931378994550840", "elapsed_seconds": 252.013814561069}
{"nodes_evaluated": 4901, "best_value_upper_rt": "-4.557288366078597621062099665557676620E-14", "global_lower_bound_rt": "-1.0847075716965520668513550973911328961512537890748", "elapsed_seconds": 257.32220017537475}
{"nodes_evaluated": 5001, "best_value_upper_rt": "-4.557288366078597621062099665557676620E-14", "global_lower_bound_rt": "-1.0613921939010328574631763442699410472632071803056", "elapsed_seconds": 262.61457107402384}
{"nodes_evaluated": 5101, "best_value_upper_rt": "-4.557288366078597621062099665557676620E-14", "global_lower_bound_rt": "-1.0404070220579209248428906839829698597755836055401", "elapsed_seconds": 267.94280059821904}
{"nodes_evaluated": 5201, "best_value_upper_rt": "-4.557288366078597621062099665557676620E-14", "global_lower_bound_rt": "-1.0237907388457092416523636483823708392837007618990", "elapsed_seconds": 273.1928750164807}
{"nodes_evaluated": 5301, "best_value_upper_rt": "-4.557288366078597621062099665557676620E-14", "global_lower_bound_rt": "-1.0060664959919387384116656587645580228717259211824", "elapsed_seconds": 278.444283477962}
{"nodes_evaluated": 5401, "best_value_upper_rt": "-4.557288366078597621062099665557676620E-14", "global_lower_bound_rt": "-0.98672103825331330618826863734550884009189551554083", "elapsed_seconds": 283.79842471703887}
{"nodes_evaluated": 5501, "best_value_upper_rt": "-4.557288366078597621062099665557676620E-14", "global_lower_bound_rt": "-0.97398268477223002644505392213970425792451184258256", "elapsed_seconds": 289.12790118157864}
{"nodes_evaluated": 5601, "best_value_upper_rt": "-4.557288366078597621062099665557676620E-14", "global_lower_bound_rt": "-0.95530064169676163926139748668499528695863947127192", "elapsed_seconds": 294.45462900958955}
{"nodes_evaluated": 5701, "best_value_upper_rt": "-4.557288366078597621062099665557676620E-14", "global_lower_bound_rt": "-0.94017761950135384157020942106578053985699554724364", "elapsed_seconds": 299.7969946414232}
{"nodes_evaluated": 5801, "best_value_upper_rt": "-4.557288366078597621062099665557676620E-14", "global_lower_bound_rt": "-0.92341625192536752897468189130747513352738340381807", "elapsed_seconds": 305.1663967166096}
{"nodes_evaluated": 5901, "best_value_upper_rt": "-4.557288366078597621062099665557676620E-14", "global_lower_bound_rt": "-0.90634301744126408341982217358426416567873174665707", "elapsed_seconds": 310.3873655386269}
{"nodes_evaluated": 6001, "best_value_upper_rt": "-4.557288366078597621062099665557676620E-14", "global_lower_bound_rt": "-0.89448958587319460863967674414726355512950460409875", "elapsed_seconds": 315.6417824085802}
{"nodes_evaluated": 6101, "best_value_upper_rt": "-4.557288366078597621062099665557676620E-14", "global_lower_bound_rt": "-0.87792013193995175620944324919524423987640437299423", "elapsed_seconds": 320.9824728090316}
{"nodes_evaluated": 6201, "best_value_upper_rt": "-4.557288366078597621062099665557676620E-14", "global_lower_bound_rt": "-0.86182895062643885355744871062653698860750163957713", "elapsed_seconds": 326.347818415612}
{"nodes_evaluated": 6301, "best_value_upper_rt": "-4.557288366078597621062099665557676620E-14", "global_lower_bound_rt": "-0.84979866200721972444970259175120822325788955284139", "elapsed_seconds": 331.7458962555975}
{"nodes_evaluated": 6401, "best_value_upper_rt": "-4.557288366078597621062099665557676620E-14", "global_lower_bound_rt": "-0.83389014749158241440333620847353101133751563236554", "elapsed_seconds": 337.0993226915598}
{"nodes_evaluated": 6501, "best_value_upper_rt": "-4.557288366078597621062099665557676620E-14", "global_lower_bound_rt": "-0.81903309889518173326838390010001763827065483909327", "elapsed_seconds": 342.50539809279144}
{"nodes_evaluated": 6601, "best_value_upper_rt": "-4.557288366078597621062099665557676620E-14", "global_lower_bound_rt": "-0.80589463879979595459354874711810548437807467786877", "elapsed_seconds": 347.7600934598595}
{"nodes_evaluated": 6701, "best_value_upper_rt": "-4.557288366078597621062099665557676620E-14", "global_lower_bound_rt": "-0.79199725624916710476444587059669969384922517980799", "elapsed_seconds": 353.0309410635382}
{"nodes_evaluated": 6801, "best_value_upper_rt": "-4.557288366078597621062099665557676620E-14", "global_lower_bound_rt": "-0.77694151881277868250785030439456404614846450304651", "elapsed_seconds": 358.40992899239063}
{"nodes_evaluated": 6901, "best_value_upper_rt": "-4.557288366078597621062099665557676620E-14", "global_lower_bound_rt": "-0.76221641706758754288175894972911165813010452929625", "elapsed_seconds": 363.7156251221895}
{"nodes_evaluated": 7001, "best_value_upper_rt": "-4.557288366078597621062099665557676620E-14", "global_lower_bound_rt": "-0.74895261449055428285551860978725291721697849553641", "elapsed_seconds": 369.10812658444047}
{"nodes_evaluated": 7101, "best_value_upper_rt": "-4.557288366078597621062099665557676620E-14", "global_lower_bound_rt": "-0.73611618629899843072395300893274755255554680095357", "elapsed_seconds": 374.4067754931748}
{"nodes_evaluated": 7201, "best_value_upper_rt": "-4.557288366078597621062099665557676620E-14", "global_lower_bound_rt": "-0.72278275749101141317974651546216440106337181324681", "elapsed_seconds": 379.69266662187874}
{"nodes_evaluated": 7301, "best_value_upper_rt": "-4.557288366078597621062099665557676620E-14", "global_lower_bound_rt": "-0.71240162906779894159043621858998507387217719432654", "elapsed_seconds": 385.073352009058}
{"nodes_evaluated": 7401, "best_value_upper_rt": "-4.557288366078597621062099665557676620E-14", "global_lower_bound_rt": "-0.69751189544606090437894224961670326873323535334105", "elapsed_seconds": 390.52352787181735}
{"nodes_evaluated": 7501, "best_value_upper_rt": "-4.557288366078597621062099665557676620E-14", "global_lower_bound_rt": "-0.68493610213387453280979018317795461007946896849049", "elapsed_seconds": 395.8632219452411}
{"nodes_evaluated": 7601, "best_value_upper_rt": "-4.557288366078597621062099665557676620E-14", "global_lower_bound_rt": "-0.67247110376036688127316447638188055524597628389967", "elapsed_seconds": 401.20714577659965}
{"nodes_evaluated": 7701, "best_value_upper_rt": "-4.557288366078597621062099665557676620E-14", "global_lower_bound_rt": "-0.65689782910994234743756410594423299097478401267741", "elapsed_seconds": 406.54177896119654}
{"nodes_evaluated": 7801, "best_value_upper_rt": "-4.557288366078597621062099665557676620E-14", "global_lower_bound_rt": "-0.64714477319456628151896696713829658354770480457979", "elapsed_seconds": 411.91852023266256}
{"nodes_evaluated": 7901, "best_value_upper_rt": "-4.557288366078597621062099665557676620E-14", "global_lower_bound_rt": "-0.63623054756848092796171665052843086499830216130884", "elapsed_seconds": 417.28486478701234}
{"nodes_evaluated": 8001, "best_value_upper_rt": "-4.557288366078597621062099665557676620E-14", "global_lower_bound_rt": "-0.62815912437851719454443607391476846760817500972673", "elapsed_seconds": 422.65567340888083}
{"nodes_evaluated": 8101, "best_value_upper_rt": "-4.557288366078597621062099665557676620E-14", "global_lower_bound_rt": "-0.61633478392588445684958934228460115204313867291769", "elapsed_seconds": 428.00218994542956}
{"nodes_evaluated": 8201, "best_value_upper_rt": "-4.557288366078597621062099665557676620E-14", "global_lower_bound_rt": "-0.60685337907198503509425538001543309579501729934580", "elapsed_seconds": 433.32626178860664}
{"nodes_evaluated": 8301, "best_value_upper_rt": "-4.557288366078597621062099665557676620E-14", "global_lower_bound_rt": "-0.59715065351086473538462282571896617046989859206728", "elapsed_seconds": 438.70618194900453}
{"nodes_evaluated": 8401, "best_value_upper_rt": "-4.557288366078597621062099665557676620E-14", "global_lower_bound_rt": "-0.58659814046799977177132497860574550509700047445884", "elapsed_seconds": 444.07112592086196}
{"nodes_evaluated": 8501, "best_value_upper_rt": "-4.557288366078597621062099665557676620E-14", "global_lower_bound_rt": "-0.57686195745823169522307568287118112558261960206391", "elapsed_seconds": 449.39007108844817}
{"nodes_evaluated": 8601, "best_value_upper_rt": "-4.557288366078597621062099665557676620E-14", "global_lower_bound_rt": "-0.56856642031565950220562894114504016608668850407657", "elapsed_seconds": 454.6832874044776}
{"nodes_evaluated": 8701, "best_value_upper_rt": "-4.557288366078597621062099665557676620E-14", "global_lower_bound_rt": "-0.55839999054302181239713397807530087969810043689575", "elapsed_seconds": 460.0314216502011}
{"nodes_evaluated": 8801, "best_value_upper_rt": "-4.557288366078597621062099665557676620E-14", "global_lower_bound_rt": "-0.54706709442730433592184950419861649361037530391119", "elapsed_seconds": 465.33040058612823}
{"nodes_evaluated": 8901, "best_value_upper_rt": "-4.557288366078597621062099665557676620E-14", "global_lower_bound_rt": "-0.53926463268670670016017535504676914116874765335426", "elapsed_seconds": 470.732627408579}
{"nodes_evaluated": 9001, "best_value_upper_rt": "-4.557288366078597621062099665557676620E-14", "global_lower_bound_rt": "-0.53272677293416434286245776066386121318437807186012", "elapsed_seconds": 476.0567932855338}
{"nodes_evaluated": 9101, "best_value_upper_rt": "-4.557288366078597621062099665557676620E-14", "global_lower_bound_rt": "-0.52426586641912591427328500509999014000658970624162", "elapsed_seconds": 482.0387006532401}
{"nodes_evaluated": 9201, "best_value_upper_rt": "-4.557288366078597621062099665557676620E-14", "global_lower_bound_rt": "-0.51893655120939566041626654991113381474767247456210", "elapsed_seconds": 487.46832456067204}
{"nodes_evaluated": 9301, "best_value_upper_rt": "-4.557288366078597621062099665557676620E-14", "global_lower_bound_rt": "-0.51274008497179712358101417682619660782338583628852", "elapsed_seconds": 492.8225011769682}
{"nodes_evaluated": 9401, "best_value_upper_rt": "-4.557288366078597621062099665557676620E-14", "global_lower_bound_rt": "-0.50410685182256006725008604173240861056576476025534", "elapsed_seconds": 498.1986736897379}
{"nodes_evaluated": 9501, "best_value_upper_rt": "-4.557288366078597621062099665557676620E-14", "global_lower_bound_rt": "-0.76846356727545363400476548947997496668572179843135", "elapsed_seconds": 503.618267159909}
{"nodes_evaluated": 9601, "best_value_upper_rt": "-4.557288366078597621062099665557676620E-14", "global_lower_bound_rt": "-0.48875753259841732234504989730486736925577875323810", "elapsed_seconds": 509.05492422543466}
{"nodes_evaluated": 9701, "best_value_upper_rt": "-4.557288366078597621062099665557676620E-14", "global_lower_bound_rt": "-0.48221787450464860389024380032158197646060868069619", "elapsed_seconds": 514.5967430844903}
{"nodes_evaluated": 9801, "best_value_upper_rt": "-4.557288366078597621062099665557676620E-14", "global_lower_bound_rt": "-0.47473263939068089812469324035906806724228167520323", "elapsed_seconds": 520.0027824267745}
{"nodes_evaluated": 9901, "best_value_upper_rt": "-4.557288366078597621062099665557676620E-14", "global_lower_bound_rt": "-0.46786906963217581603877280919699574649900757967690", "elapsed_seconds": 525.4573756437749}
{"nodes_evaluated": 10001, "best_value_upper_rt": "-4.557288366078597621062099665557676620E-14", "global_lower_bound_rt": "-0.56974491813571417375572897228780692609166159713568", "elapsed_seconds": 530.9255495201796}
{"nodes_evaluated": 10101, "best_value_upper_rt": "-4.557288366078597621062099665557676620E-14", "global_lower_bound_rt": "-0.45596560787050883564738254987526955091911962750868", "elapsed_seconds": 536.4459298644215}
{"nodes_evaluated": 10201, "best_value_upper_rt": "-4.557288366078597621062099665557676620E-14", "global_lower_bound_rt": "-0.44813141198515452561621293360221150807387078177334", "elapsed_seconds": 541.9721140339971}
{"nodes_evaluated": 10301, "best_value_upper_rt": "-4.557288366078597621062099665557676620E-14", "global_lower_bound_rt": "-0.43982606135366282926541100152289040203493650397364", "elapsed_seconds": 547.4525146074593}
{"nodes_evaluated": 10401, "best_value_upper_rt": "-4.557288366078597621062099665557676620E-14", "global_lower_bound_rt": "-0.43368438525234503665176308611806071098580118921893", "elapsed_seconds": 552.9269120171666}
{"nodes_evaluated": 10501, "best_value_upper_rt": "-4.557288366078597621062099665557676620E-14", "global_lower_bound_rt": "-0.42744898573041542133216416515848692940767958227170", "elapsed_seconds": 558.3527652658522}
{"nodes_evaluated": 10601, "best_value_upper_rt": "-4.557288366078597621062099665557676620E-14", "global_lower_bound_rt": "-0.41990637739736987679611108448241558917936187411443", "elapsed_seconds": 563.8543636538088}
{"nodes_evaluated": 10701, "best_value_upper_rt": "-4.557288366078597621062099665557676620E-14", "global_lower_bound_rt": "-0.41276626755315201558711783744207340668080802548670", "elapsed_seconds": 569.4264825768769}
{"nodes_evaluated": 10801, "best_value_upper_rt": "-4.557288366078597621062099665557676620E-14", "global_lower_bound_rt": "-0.40447005765193516602218218146647465660105969434471", "elapsed_seconds": 574.908067330718}
{"nodes_evaluated": 10901, "best_value_upper_rt": "-4.557288366078597621062099665557676620E-14", "global_lower_bound_rt": "-0.39938779302538264773074056150140671945621058034840", "elapsed_seconds": 580.3741451818496}
{"nodes_evaluated": 11001, "best_value_upper_rt": "-4.557288366078597621062099665557676620E-14", "global_lower_bound_rt": "-0.44170645303809159771479055402916377390307863685197", "elapsed_seconds": 585.8576341457665}
{"nodes_evaluated": 11101, "best_value_upper_rt": "-4.557288366078597621062099665557676620E-14", "global_lower_bound_rt": "-0.38896228255837693908147695370682709343947672472816", "elapsed_seconds": 591.3639067094773}
{"nodes_evaluated": 11201, "best_value_upper_rt": "-4.557288366078597621062099665557676620E-14", "global_lower_bound_rt": "-0.38462764669801935151747761122361793657303763417068", "elapsed_seconds": 596.859697394073}
{"nodes_evaluated": 11301, "best_value_upper_rt": "-4.557288366078597621062099665557676620E-14", "global_lower_bound_rt": "-0.46625315383678669197649299889767292794873300840311", "elapsed_seconds": 602.4106552824378}
{"nodes_evaluated": 11401, "best_value_upper_rt": "-4.557288366078597621062099665557676620E-14", "global_lower_bound_rt": "-0.37574861281181252189442950488983662603294796695382", "elapsed_seconds": 607.9528568144888}
{"nodes_evaluated": 11501, "best_value_upper_rt": "-4.557288366078597621062099665557676620E-14", "global_lower_bound_rt": "-0.37070553516764670855337472218557414018178017233973", "elapsed_seconds": 613.8971058037132}
{"nodes_evaluated": 11601, "best_value_upper_rt": "-4.557288366078597621062099665557676620E-14", "global_lower_bound_rt": "-0.36672837528953875220552914534680972428609499711270", "elapsed_seconds": 619.37816924043}
{"nodes_evaluated": 11701, "best_value_upper_rt": "-4.557288366078597621062099665557676620E-14", "global_lower_bound_rt": "-0.36361256258107020511500447678395848099443303839752", "elapsed_seconds": 624.8044374492019}
{"nodes_evaluated": 11801, "best_value_upper_rt": "-4.557288366078597621062099665557676620E-14", "global_lower_bound_rt": "-0.35760590160531611771305137476443238409407628449676", "elapsed_seconds": 630.2461060415953}
{"nodes_evaluated": 11901, "best_value_upper_rt": "-4.557288366078597621062099665557676620E-14", "global_lower_bound_rt": "-0.35221947501620252718432096224053348045115518933797", "elapsed_seconds": 635.8246367685497}
{"nodes_evaluated": 12001, "best_value_upper_rt": "-4.557288366078597621062099665557676620E-14", "global_lower_bound_rt": "-0.57183421613273686655029461872767093009212086923359", "elapsed_seconds": 641.3319230172783}
{"nodes_evaluated": 12101, "best_value_upper_rt": "-4.557288366078597621062099665557676620E-14", "global_lower_bound_rt": "-0.34249131814367362743735646737612504223752556798840", "elapsed_seconds": 646.8015868775547}
{"nodes_evaluated": 12201, "best_value_upper_rt": "-4.557288366078597621062099665557676620E-14", "global_lower_bound_rt": "-0.33806742317072787130362349720966144217209757824088", "elapsed_seconds": 652.4079279135913}
{"nodes_evaluated": 12301, "best_value_upper_rt": "-4.557288366078597621062099665557676620E-14", "global_lower_bound_rt": "-0.33390808429113428654804788269008648858341992987637", "elapsed_seconds": 657.8939245566726}
{"nodes_evaluated": 12401, "best_value_upper_rt": "-4.557288366078597621062099665557676620E-14", "global_lower_bound_rt": "-0.32772110774890041591088850983067901155066237985108", "elapsed_seconds": 663.4277519788593}
{"nodes_evaluated": 12501, "best_value_upper_rt": "-4.557288366078597621062099665557676620E-14", "global_lower_bound_rt": "-0.32306884568952381171098110778605867719211713910785", "elapsed_seconds": 668.9553455598652}
{"nodes_evaluated": 12601, "best_value_upper_rt": "-4.557288366078597621062099665557676620E-14", "global_lower_bound_rt": "-0.31907857605691480466980454227564020265633856472889", "elapsed_seconds": 674.5288926698267}
{"nodes_evaluated": 12701, "best_value_upper_rt": "-4.557288366078597621062099665557676620E-14", "global_lower_bound_rt": "-0.31486219521051477995695973081877666258591302388173", "elapsed_seconds": 680.0323891043663}
{"nodes_evaluated": 12801, "best_value_upper_rt": "-4.557288366078597621062099665557676620E-14", "global_lower_bound_rt": "-0.31039232059197387411593244068887478664470604583179", "elapsed_seconds": 685.483179025352}
{"nodes_evaluated": 12901, "best_value_upper_rt": "-4.557288366078597621062099665557676620E-14", "global_lower_bound_rt": "-0.30620488727229073692879380859100411501680902444322", "elapsed_seconds": 691.0309619009495}
{"nodes_evaluated": 13001, "best_value_upper_rt": "-4.557288366078597621062099665557676620E-14", "global_lower_bound_rt": "-0.30245815620954512436367441863159988772683338503177", "elapsed_seconds": 696.5352323483676}
{"nodes_evaluated": 13101, "best_value_upper_rt": "-4.557288366078597621062099665557676620E-14", "global_lower_bound_rt": "-0.29889179026639009798128516448090452337332959456065", "elapsed_seconds": 701.9594136830419}
{"nodes_evaluated": 13201, "best_value_upper_rt": "-4.557288366078597621062099665557676620E-14", "global_lower_bound_rt": "-0.29555002107634924219373293696067432846834100890349", "elapsed_seconds": 707.4664981644601}
{"nodes_evaluated": 13301, "best_value_upper_rt": "-4.557288366078597621062099665557676620E-14", "global_lower_bound_rt": "-0.29251408972536893174652300134211796525023421921871", "elapsed_seconds": 712.9230914209038}
{"nodes_evaluated": 13401, "best_value_upper_rt": "-4.557288366078597621062099665557676620E-14", "global_lower_bound_rt": "-0.28859987362569168576278829923176506287523915449323", "elapsed_seconds": 718.3781818244606}
{"nodes_evaluated": 13501, "best_value_upper_rt": "-4.557288366078597621062099665557676620E-14", "global_lower_bound_rt": "-0.28439926036707286138047388272354488736895041934830", "elapsed_seconds": 723.8161733374}
{"nodes_evaluated": 13601, "best_value_upper_rt": "-4.557288366078597621062099665557676620E-14", "global_lower_bound_rt": "-0.28081875899671754438047617549411158517948053444033", "elapsed_seconds": 729.2947987113148}
{"nodes_evaluated": 13701, "best_value_upper_rt": "-4.557288366078597621062099665557676620E-14", "global_lower_bound_rt": "-0.27713511427082088915125572434426466407018341818732", "elapsed_seconds": 734.7802253775299}
{"nodes_evaluated": 13801, "best_value_upper_rt": "-4.557288366078597621062099665557676620E-14", "global_lower_bound_rt": "-0.27395826144154324798609234459600721526019992625486", "elapsed_seconds": 740.3156442977488}
{"nodes_evaluated": 13901, "best_value_upper_rt": "-4.557288366078597621062099665557676620E-14", "global_lower_bound_rt": "-0.27133023934476343883925569090123943354473537451432", "elapsed_seconds": 745.7972114291042}
{"nodes_evaluated": 14001, "best_value_upper_rt": "-4.557288366078597621062099665557676620E-14", "global_lower_bound_rt": "-0.34506515821081351844295519982702553056901073328144", "elapsed_seconds": 751.1761079970747}
{"nodes_evaluated": 14101, "best_value_upper_rt": "-4.557288366078597621062099665557676620E-14", "global_lower_bound_rt": "-0.26539502208564120445926507982069810295065347248081", "elapsed_seconds": 756.658430641517}
{"nodes_evaluated": 14201, "best_value_upper_rt": "-4.557288366078597621062099665557676620E-14", "global_lower_bound_rt": "-0.26249243909465111986980171680037037561498858548388", "elapsed_seconds": 762.1367983594537}
{"nodes_evaluated": 14301, "best_value_upper_rt": "-4.557288366078597621062099665557676620E-14", "global_lower_bound_rt": "-0.25815911474233934052053473617629754357775229382215", "elapsed_seconds": 767.5942873563617}
{"nodes_evaluated": 14401, "best_value_upper_rt": "-4.557288366078597621062099665557676620E-14", "global_lower_bound_rt": "-0.25478430133766213310756337050430456281173206014420", "elapsed_seconds": 773.0532454736531}
{"nodes_evaluated": 14501, "best_value_upper_rt": "-4.557288366078597621062099665557676620E-14", "global_lower_bound_rt": "-0.25100604580612251513271257262154481966411130379015", "elapsed_seconds": 778.4924790579826}
{"nodes_evaluated": 14601, "best_value_upper_rt": "-4.557288366078597621062099665557676620E-14", "global_lower_bound_rt": "-0.24826926257913869208249902751796756748242847151194", "elapsed_seconds": 784.0104793328792}
{"nodes_evaluated": 14701, "best_value_upper_rt": "-4.557288366078597621062099665557676620E-14", "global_lower_bound_rt": "-0.24544882975439176807637083181645312910748363175004", "elapsed_seconds": 789.5128060095012}
{"nodes_evaluated": 14801, "best_value_upper_rt": "-4.557288366078597621062099665557676620E-14", "global_lower_bound_rt": "-0.24336830044562623755010362751304797501946443444224", "elapsed_seconds": 795.0180139672011}
{"nodes_evaluated": 14901, "best_value_upper_rt": "-4.557288366078597621062099665557676620E-14", "global_lower_bound_rt": "-0.24023931183958324392450795929069755036820110298441", "elapsed_seconds": 800.4318182636052}
{"nodes_evaluated": 15001, "best_value_upper_rt": "-4.557288366078597621062099665557676620E-14", "global_lower_bound_rt": "-0.23826661906458736805330831746481891463663751083790", "elapsed_seconds": 805.882881488651}
{"nodes_evaluated": 15101, "best_value_upper_rt": "-4.557288366078597621062099665557676620E-14", "global_lower_bound_rt": "-0.23444687638713714658044262818083551922718549901790", "elapsed_seconds": 811.2806035093963}
{"nodes_evaluated": 15201, "best_value_upper_rt": "-4.557288366078597621062099665557676620E-14", "global_lower_bound_rt": "-0.23211224281608761564548787245174121401222086233767", "elapsed_seconds": 816.7849842365831}
{"nodes_evaluated": 15301, "best_value_upper_rt": "-4.557288366078597621062099665557676620E-14", "global_lower_bound_rt": "-0.22967691193057897369826005088250194940131325070213", "elapsed_seconds": 822.3697845693678}
{"nodes_evaluated": 15401, "best_value_upper_rt": "-4.557288366078597621062099665557676620E-14", "global_lower_bound_rt": "-0.22651864123995847659351352511850313932090538302255", "elapsed_seconds": 827.9075205177069}
{"nodes_evaluated": 15501, "best_value_upper_rt": "-4.557288366078597621062099665557676620E-14", "global_lower_bound_rt": "-0.22345511888774207038867989729546731856784236248522", "elapsed_seconds": 833.3597510568798}
{"nodes_evaluated": 15601, "best_value_upper_rt": "-4.557288366078597621062099665557676620E-14", "global_lower_bound_rt": "-0.22043904578831559594800886984061971483222812387062", "elapsed_seconds": 838.8965741209686}
{"nodes_evaluated": 15701, "best_value_upper_rt": "-4.557288366078597621062099665557676620E-14", "global_lower_bound_rt": "-0.21747590160439171510324145344266217822882536073075", "elapsed_seconds": 844.4614395089447}
{"nodes_evaluated": 15801, "best_value_upper_rt": "-4.557288366078597621062099665557676620E-14", "global_lower_bound_rt": "-0.21479614562822744526314760946857390142049172843835", "elapsed_seconds": 849.9882811699063}
{"nodes_evaluated": 15901, "best_value_upper_rt": "-4.557288366078597621062099665557676620E-14", "global_lower_bound_rt": "-0.21230426635520321044192426350530139434021446291623", "elapsed_seconds": 855.584650253877}
{"nodes_evaluated": 16001, "best_value_upper_rt": "-4.557288366078597621062099665557676620E-14", "global_lower_bound_rt": "-0.20998603493554419279515490241631254498514519854097", "elapsed_seconds": 861.1380521748215}
{"nodes_evaluated": 16101, "best_value_upper_rt": "-4.557288366078597621062099665557676620E-14", "global_lower_bound_rt": "-0.20804144181568027561514512688521771476586286717508", "elapsed_seconds": 866.7411118559539}
{"nodes_evaluated": 16201, "best_value_upper_rt": "-4.557288366078597621062099665557676620E-14", "global_lower_bound_rt": "-0.20515552318188146646985643899618354228336571283102", "elapsed_seconds": 872.2621313780546}
{"nodes_evaluated": 16301, "best_value_upper_rt": "-4.557288366078597621062099665557676620E-14", "global_lower_bound_rt": "-0.20303688252869442106326578120120319335387330782999", "elapsed_seconds": 877.7932159528136}
{"nodes_evaluated": 16401, "best_value_upper_rt": "-4.557288366078597621062099665557676620E-14", "global_lower_bound_rt": "-0.20098687965852742953985095813368930014327355545907", "elapsed_seconds": 883.2802852671593}
{"nodes_evaluated": 16501, "best_value_upper_rt": "-4.557288366078597621062099665557676620E-14", "global_lower_bound_rt": "-0.19877100422791279383191261647973659617230513109909", "elapsed_seconds": 888.8409944176674}
{"nodes_evaluated": 16601, "best_value_upper_rt": "-4.557288366078597621062099665557676620E-14", "global_lower_bound_rt": "-0.19608599612954539457745063544019420673657292242760", "elapsed_seconds": 894.4026244170964}
{"nodes_evaluated": 16701, "best_value_upper_rt": "-4.557288366078597621062099665557676620E-14", "global_lower_bound_rt": "-0.19978655517724719124005133969754037073470547968296", "elapsed_seconds": 899.9500285405666}
{"nodes_evaluated": 16801, "best_value_upper_rt": "-4.557288366078597621062099665557676620E-14", "global_lower_bound_rt": "-0.87699184786546098420751515472560059292938068534820", "elapsed_seconds": 905.4900868535042}
{"nodes_evaluated": 16901, "best_value_upper_rt": "-4.557288366078597621062099665557676620E-14", "global_lower_bound_rt": "-0.18847392144293079526523871316026033685912658468352", "elapsed_seconds": 911.0812446977943}
{"nodes_evaluated": 17001, "best_value_upper_rt": "-4.557288366078597621062099665557676620E-14", "global_lower_bound_rt": "-0.18688276058550054114820169056398725740073304139135", "elapsed_seconds": 916.5385084804147}
{"nodes_evaluated": 17101, "best_value_upper_rt": "-4.557288366078597621062099665557676620E-14", "global_lower_bound_rt": "-0.18446840854649954492955118269574329716550300809775", "elapsed_seconds": 922.07981791161}
{"nodes_evaluated": 17201, "best_value_upper_rt": "-4.557288366078597621062099665557676620E-14", "global_lower_bound_rt": "-0.18169968342969231364664451371787757842057953208373", "elapsed_seconds": 927.683057565242}
{"nodes_evaluated": 17301, "best_value_upper_rt": "-4.557288366078597621062099665557676620E-14", "global_lower_bound_rt": "-0.17909779263494534178914879359747395216188369839713", "elapsed_seconds": 933.240603979677}
{"nodes_evaluated": 17401, "best_value_upper_rt": "-4.557288366078597621062099665557676620E-14", "global_lower_bound_rt": "-0.17651238867561867747702221102579848289245573742261", "elapsed_seconds": 938.7825044449419}
{"nodes_evaluated": 17501, "best_value_upper_rt": "-4.557288366078597621062099665557676620E-14", "global_lower_bound_rt": "-0.17418463750493969509008718526230089881168367381954", "elapsed_seconds": 944.3153576012701}
{"nodes_evaluated": 17601, "best_value_upper_rt": "-4.557288366078597621062099665557676620E-14", "global_lower_bound_rt": "-0.17246515706378432471851529727776101394268492703120", "elapsed_seconds": 949.7694799844176}
{"nodes_evaluated": 17701, "best_value_upper_rt": "-4.557288366078597621062099665557676620E-14", "global_lower_bound_rt": "-0.17020223616881838618268740976642863960578668016224", "elapsed_seconds": 955.3721709568053}
{"nodes_evaluated": 17801, "best_value_upper_rt": "-4.557288366078597621062099665557676620E-14", "global_lower_bound_rt": "-0.16819249590885347585613870284990584455406330783037", "elapsed_seconds": 960.8968205563724}
{"nodes_evaluated": 17901, "best_value_upper_rt": "-4.557288366078597621062099665557676620E-14", "global_lower_bound_rt": "-0.16610702218654427476969573189271714714792030118427", "elapsed_seconds": 966.4513985272497}
{"nodes_evaluated": 18001, "best_value_upper_rt": "-4.557288366078597621062099665557676620E-14", "global_lower_bound_rt": "-0.16435382818868472553829675558709263385814743796831", "elapsed_seconds": 971.9429908785969}
{"nodes_evaluated": 18101, "best_value_upper_rt": "-4.557288366078597621062099665557676620E-14", "global_lower_bound_rt": "-0.16229547119851911113809297374003293046433517864796", "elapsed_seconds": 977.4557455908507}
{"nodes_evaluated": 18201, "best_value_upper_rt": "-4.557288366078597621062099665557676620E-14", "global_lower_bound_rt": "-0.16091695793554509888260508854565209962883410151059", "elapsed_seconds": 982.9273190181702}
{"nodes_evaluated": 18301, "best_value_upper_rt": "-4.557288366078597621062099665557676620E-14", "global_lower_bound_rt": "-0.15915897442505724069379972485889994294130635400734", "elapsed_seconds": 988.4855036213994}
{"nodes_evaluated": 18401, "best_value_upper_rt": "-4.557288366078597621062099665557676620E-14", "global_lower_bound_rt": "-0.15657219728794737591079239147181123088897142646019", "elapsed_seconds": 993.9902975857258}
{"nodes_evaluated": 18501, "best_value_upper_rt": "-4.557288366078597621062099665557676620E-14", "global_lower_bound_rt": "-0.15482264726353870854287641490880633080983872500016", "elapsed_seconds": 999.5286228731275}
{"nodes_evaluated": 18601, "best_value_upper_rt": "-4.557288366078597621062099665557676620E-14", "global_lower_bound_rt": "-0.15268626035791927316791686396673897793945059176510", "elapsed_seconds": 1005.0959237292409}
{"nodes_evaluated": 18701, "best_value_upper_rt": "-4.557288366078597621062099665557676620E-14", "global_lower_bound_rt": "-0.15054643776268299145781386554157356853758541464335", "elapsed_seconds": 1010.5985845252872}
{"nodes_evaluated": 18801, "best_value_upper_rt": "-4.557288366078597621062099665557676620E-14", "global_lower_bound_rt": "-0.14946611622236096447289981228444251192615469838879", "elapsed_seconds": 1015.96734649688}
{"nodes_evaluated": 18901, "best_value_upper_rt": "-4.557288366078597621062099665557676620E-14", "global_lower_bound_rt": "-0.14782363053696750735256786494546745729021926783672", "elapsed_seconds": 1021.388752836734}
{"nodes_evaluated": 19001, "best_value_upper_rt": "-4.557288366078597621062099665557676620E-14", "global_lower_bound_rt": "-0.14605267493699723187337525003975579238569064013464", "elapsed_seconds": 1027.0366658177227}
{"nodes_evaluated": 19101, "best_value_upper_rt": "-4.557288366078597621062099665557676620E-14", "global_lower_bound_rt": "-0.14414884147807074042199343092749478786054143849450", "elapsed_seconds": 1032.6333904657513}
{"nodes_evaluated": 19201, "best_value_upper_rt": "-4.557288366078597621062099665557676620E-14", "global_lower_bound_rt": "-0.14250340079862468521281186336690868679324334434927", "elapsed_seconds": 1038.2746519446373}
{"nodes_evaluated": 19301, "best_value_upper_rt": "-4.557288366078597621062099665557676620E-14", "global_lower_bound_rt": "-0.14084009789017882940034410062180533908383463765003", "elapsed_seconds": 1043.9243934638798}
{"nodes_evaluated": 19401, "best_value_upper_rt": "-4.557288366078597621062099665557676620E-14", "global_lower_bound_rt": "-0.13946786271243425889432974934662151877691264103818", "elapsed_seconds": 1049.5084260255098}
{"nodes_evaluated": 19501, "best_value_upper_rt": "-4.557288366078597621062099665557676620E-14", "global_lower_bound_rt": "-0.13758852132201979628601987693301650337788347844636", "elapsed_seconds": 1055.1205908171833}
{"nodes_evaluated": 19601, "best_value_upper_rt": "-4.557288366078597621062099665557676620E-14", "global_lower_bound_rt": "-0.13586388148200657936892101797163441899708346666106", "elapsed_seconds": 1060.703989977017}
{"nodes_evaluated": 19701, "best_value_upper_rt": "-4.557288366078597621062099665557676620E-14", "global_lower_bound_rt": "-0.13445763218013644480749953378044731630733962715197", "elapsed_seconds": 1066.2587020229548}
{"nodes_evaluated": 19801, "best_value_upper_rt": "-4.557288366078597621062099665557676620E-14", "global_lower_bound_rt": "-0.13287274020387699950309474539802548360706811816130", "elapsed_seconds": 1071.8967812452465}
{"nodes_evaluated": 19901, "best_value_upper_rt": "-4.557288366078597621062099665557676620E-14", "global_lower_bound_rt": "-0.13112312828294739571815914210256239196623641129369", "elapsed_seconds": 1077.548003885895}
-0.12954445212841464321412609478865764025873793739008 19999 False
