{"phase": "hornblende", "formal_global_insertion_bound_accepted": true, "lower_bound_rt_per_formula_unit": 15.023289270999392, "node_count": 1, "unresolved_box_count": 0, "bound_within_requested_tolerance": true}
{"phase": "biotite", "formal_global_insertion_bound_accepted": true, "lower_bound_rt_per_formula_unit": 13.414402013633682, "node_count": 1, "unresolved_box_count": 0, "bound_within_requested_tolerance": true}
{"phase": "garnet", "formal_global_insertion_bound_accepted": true, "lower_bound_rt_per_formula_unit": 1.1450600960228277, "node_count": 3, "unresolved_box_count": 0, "bound_within_requested_tolerance": true}
{"phase": "alkali-feldspar", "formal_global_insertion_bound_accepted": true, "lower_bound_rt_per_formula_unit": 2.4310897967619858, "node_count": 3, "unresolved_box_count": 0, "bound_within_requested_tolerance": true}
{"phase": "kalsilite", "formal_global_insertion_bound_accepted": true, "lower_bound_rt_per_formula_unit": 8.395402432686582, "node_count": 1, "unresolved_box_count": 0, "bound_within_requested_tolerance": true}
{"phase": "leucite", "formal_global_insertion_bound_accepted": true, "lower_bound_rt_per_formula_unit": 1.17668478178762, "node_count": 1, "unresolved_box_count": 0, "bound_within_requested_tolerance": true}
{"phase": "alloy-solid", "formal_global_insertion_bound_accepted": true, "lower_bound_rt_per_formula_unit": 0.229346407814021, "node_count": 1, "unresolved_box_count": 0, "bound_within_requested_tolerance": true}
{"phase": "alloy-liquid", "formal_global_insertion_bound_accepted": true, "lower_bound_rt_per_formula_unit": 0.044063104049612146, "node_count": 1, "unresolved_box_count": 0, "bound_within_requested_tolerance": true}
{"phase": "cummingtonite", "formal_global_insertion_bound_accepted": true, "lower_bound_rt_per_formula_unit": 9.851045018232748, "node_count": 1, "unresolved_box_count": 0, "bound_within_requested_tolerance": true}
{"phase": "olivine", "formal_global_insertion_bound_accepted": true, "lower_bound_rt_per_formula_unit": 0.001680913718177476, "node_count": 9, "unresolved_box_count": 0, "bound_within_requested_tolerance": true}
{"phase": "nepheline", "formal_global_insertion_bound_accepted": true, "lower_bound_rt_per_formula_unit": 4.6654114120715455, "node_count": 1, "unresolved_box_count": 0, "bound_within_requested_tolerance": true}
{"phase": "clinoamphibole", "formal_global_insertion_bound_accepted": true, "lower_bound_rt_per_formula_unit": 4.006168956613091, "node_count": 1, "unresolved_box_count": 0, "bound_within_requested_tolerance": true}
{"phase": "orthoamphibole", "formal_global_insertion_bound_accepted": true, "lower_bound_rt_per_formula_unit": 3.6364685121931437, "node_count": 1, "unresolved_box_count": 0, "bound_within_requested_tolerance": true}
{"phase": "melilite", "formal_global_insertion_bound_accepted": true, "lower_bound_rt_per_formula_unit": 1.886236689369907, "node_count": 1, "unresolved_box_count": 0, "bound_within_requested_tolerance": true}
{"phase": "ortho-oxide", "formal_global_insertion_bound_accepted": true, "lower_bound_rt_per_formula_unit": 0.9438222382490604, "node_count": 3, "unresolved_box_count": 0, "bound_within_requested_tolerance": true}
{"phase": "rhm-oxide", "formal_global_insertion_bound_accepted": true, "lower_bound_rt_per_formula_unit": 0.09673057331766034, "node_count": 59, "unresolved_box_count": 0, "bound_within_requested_tolerance": true}
{"phase": "plagioclase", "formal_global_insertion_bound_accepted": true, "lower_bound_rt_per_formula_unit": 1.9316251970999498, "node_count": 1, "unresolved_box_count": 0, "bound_within_requested_tolerance": true}
{"phase": "clinopyroxene", "formal_global_insertion_bound_accepted": true, "lower_bound_rt_per_formula_unit": 0.0072130329361661605, "node_count": 515, "unresolved_box_count": 0, "bound_within_requested_tolerance": true}
{"phase": "orthopyroxene", "formal_global_insertion_bound_accepted": true, "lower_bound_rt_per_formula_unit": 0.00273806244512595, "node_count": 735, "unresolved_box_count": 0, "bound_within_requested_tolerance": true}
{"phase": "spinel", "formal_global_insertion_bound_accepted": true, "lower_bound_rt_per_formula_unit": 0.007074483570600416, "node_count": 311, "unresolved_box_count": 0, "bound_within_requested_tolerance": true}
