/home/kawahara/anaconda3/envs/myenv39/lib/python3.9/site-packages/scipy/optimize/_slsqp_py.py:437: RuntimeWarning: Values in x were outside bounds during a minimize step, clipping to bounds
  fx = wrapped_fun(x)
/home/kawahara/anaconda3/envs/myenv39/lib/python3.9/site-packages/scipy/optimize/_slsqp_py.py:441: RuntimeWarning: Values in x were outside bounds during a minimize step, clipping to bounds
  g = append(wrapped_grad(x), 0.0)
{"nodes_evaluated": 101, "best_value_upper_rt": "-4.557288366078597621062099665557676620E-14", "global_lower_bound_rt": "-4.1290777057820708368944148458102027836466297955987", "elapsed_seconds": 5.646751033142209}
{"nodes_evaluated": 201, "best_value_upper_rt": "-4.557288366078597621062099665557676620E-14", "global_lower_bound_rt": "-3.0254335168363239293433760105482625313971209155607", "elapsed_seconds": 11.33886338956654}
{"nodes_evaluated": 301, "best_value_upper_rt": "-4.557288366078597621062099665557676620E-14", "global_lower_bound_rt": "-2.2439101219473987823070507782780198854990452424232", "elapsed_seconds": 16.97132427059114}
{"nodes_evaluated": 401, "best_value_upper_rt": "-4.557288366078597621062099665557676620E-14", "global_lower_bound_rt": "-1.7890597796935837745929523199445902662756682832812", "elapsed_seconds": 22.581710636615753}
{"nodes_evaluated": 501, "best_value_upper_rt": "-4.557288366078597621062099665557676620E-14", "global_lower_bound_rt": "-1.4825683347949667729642404158999344121993763321909", "elapsed_seconds": 28.27336747944355}
{"nodes_evaluated": 601, "best_value_upper_rt": "-4.557288366078597621062099665557676620E-14", "global_lower_bound_rt": "-1.3250235741665787961236074653594179641389934090417", "elapsed_seconds": 33.86769217252731}
{"nodes_evaluated": 701, "best_value_upper_rt": "-4.557288366078597621062099665557676620E-14", "global_lower_bound_rt": "-1.1578826810346749566630239450155478587775528098055", "elapsed_seconds": 39.50593467243016}
{"nodes_evaluated": 801, "best_value_upper_rt": "-4.557288366078597621062099665557676620E-14", "global_lower_bound_rt": "-1.0521402920869513314322269466861753425338919088825", "elapsed_seconds": 45.10170936584473}
{"nodes_evaluated": 901, "best_value_upper_rt": "-4.557288366078597621062099665557676620E-14", "global_lower_bound_rt": "-0.96578110539691227318152959014692439917893559093484", "elapsed_seconds": 50.764661801978946}
{"nodes_evaluated": 1001, "best_value_upper_rt": "-4.557288366078597621062099665557676620E-14", "global_lower_bound_rt": "-0.87064064625181675800663472301337321472393211216441", "elapsed_seconds": 56.41397565603256}
{"nodes_evaluated": 1101, "best_value_upper_rt": "-4.557288366078597621062099665557676620E-14", "global_lower_bound_rt": "-0.80999268622542537704248642112797006731471700543881", "elapsed_seconds": 62.09839762561023}
{"nodes_evaluated": 1201, "best_value_upper_rt": "-4.557288366078597621062099665557676620E-14", "global_lower_bound_rt": "-0.76013196110547540487518450715240685531042770800774", "elapsed_seconds": 67.83036564849317}
{"nodes_evaluated": 1301, "best_value_upper_rt": "-4.557288366078597621062099665557676620E-14", "global_lower_bound_rt": "-0.69447720551619839160282838493521926525097307430566", "elapsed_seconds": 73.57103481516242}
{"nodes_evaluated": 1401, "best_value_upper_rt": "-4.557288366078597621062099665557676620E-14", "global_lower_bound_rt": "-0.65354525342031218754790101748753068152421227286351", "elapsed_seconds": 79.32068262808025}
{"nodes_evaluated": 1501, "best_value_upper_rt": "-4.557288366078597621062099665557676620E-14", "global_lower_bound_rt": "-0.60796403200840035843470983431167539717647341045019", "elapsed_seconds": 84.94881369359791}
{"nodes_evaluated": 1601, "best_value_upper_rt": "-4.557288366078597621062099665557676620E-14", "global_lower_bound_rt": "-0.57548698273603055509361665092100439699153435044244", "elapsed_seconds": 90.6752908360213}
{"nodes_evaluated": 1701, "best_value_upper_rt": "-4.557288366078597621062099665557676620E-14", "global_lower_bound_rt": "-0.53927816017336654314504607552773833064017787790047", "elapsed_seconds": 96.39158716797829}
{"nodes_evaluated": 1801, "best_value_upper_rt": "-4.557288366078597621062099665557676620E-14", "global_lower_bound_rt": "-0.50153088323259409536413090826110169161729105714873", "elapsed_seconds": 102.10910300910473}
{"nodes_evaluated": 1901, "best_value_upper_rt": "-4.557288366078597621062099665557676620E-14", "global_lower_bound_rt": "-0.46955895756681368006905090130211634233601809840320", "elapsed_seconds": 107.8460313603282}
{"nodes_evaluated": 2001, "best_value_upper_rt": "-4.557288366078597621062099665557676620E-14", "global_lower_bound_rt": "-0.44670170220719964525253585036105301258261602731975", "elapsed_seconds": 113.63085124827921}
{"nodes_evaluated": 2101, "best_value_upper_rt": "-4.557288366078597621062099665557676620E-14", "global_lower_bound_rt": "-0.42163450436882552428060790271122182508895917273635", "elapsed_seconds": 119.39830318838358}
{"nodes_evaluated": 2201, "best_value_upper_rt": "-4.557288366078597621062099665557676620E-14", "global_lower_bound_rt": "-0.39438115647891380037194834369164651552895651258397", "elapsed_seconds": 125.12621107324958}
{"nodes_evaluated": 2301, "best_value_upper_rt": "-4.557288366078597621062099665557676620E-14", "global_lower_bound_rt": "-0.37130051379445307383386053740794746432582223777858", "elapsed_seconds": 130.86182728037238}
{"nodes_evaluated": 2401, "best_value_upper_rt": "-4.557288366078597621062099665557676620E-14", "global_lower_bound_rt": "-0.34948276276389077396466682302675470020122479909651", "elapsed_seconds": 136.55551417544484}
{"nodes_evaluated": 2501, "best_value_upper_rt": "-4.557288366078597621062099665557676620E-14", "global_lower_bound_rt": "-0.32638874765651090648278647483967909655546855785258", "elapsed_seconds": 142.39657586440444}
{"nodes_evaluated": 2601, "best_value_upper_rt": "-4.557288366078597621062099665557676620E-14", "global_lower_bound_rt": "-0.30958759011984686577376741040541514891423663468383", "elapsed_seconds": 148.1847153622657}
{"nodes_evaluated": 2701, "best_value_upper_rt": "-4.557288366078597621062099665557676620E-14", "global_lower_bound_rt": "-0.29582643562442092326879839073358580802941964280656", "elapsed_seconds": 153.9982492811978}
{"nodes_evaluated": 2801, "best_value_upper_rt": "-4.557288366078597621062099665557676620E-14", "global_lower_bound_rt": "-0.27690342990317726173354291778397968608746259488611", "elapsed_seconds": 159.850909370929}
{"nodes_evaluated": 2901, "best_value_upper_rt": "-4.557288366078597621062099665557676620E-14", "global_lower_bound_rt": "-0.26118300263483202189554183693200315526993819619811", "elapsed_seconds": 165.72397309727967}
{"nodes_evaluated": 3001, "best_value_upper_rt": "-4.557288366078597621062099665557676620E-14", "global_lower_bound_rt": "-0.24793604473295531058975205922905946351578573243223", "elapsed_seconds": 171.5802635010332}
{"nodes_evaluated": 3101, "best_value_upper_rt": "-4.557288366078597621062099665557676620E-14", "global_lower_bound_rt": "-0.23632372273583294406107509467422697312039188540896", "elapsed_seconds": 177.455590615049}
{"nodes_evaluated": 3201, "best_value_upper_rt": "-4.557288366078597621062099665557676620E-14", "global_lower_bound_rt": "-0.22601308518529762245072488702248264364237248010387", "elapsed_seconds": 183.4077568370849}
{"nodes_evaluated": 3301, "best_value_upper_rt": "-4.557288366078597621062099665557676620E-14", "global_lower_bound_rt": "-0.21475988592195383678545808509075203675203158298389", "elapsed_seconds": 189.38714838027954}
{"nodes_evaluated": 3401, "best_value_upper_rt": "-4.557288366078597621062099665557676620E-14", "global_lower_bound_rt": "-0.20637965875127132145574402677115944796755441980395", "elapsed_seconds": 195.3208899255842}
{"nodes_evaluated": 3501, "best_value_upper_rt": "-4.557288366078597621062099665557676620E-14", "global_lower_bound_rt": "-0.19627049411769190336937425196231002694310681182241", "elapsed_seconds": 201.23337388411164}
{"nodes_evaluated": 3601, "best_value_upper_rt": "-4.557288366078597621062099665557676620E-14", "global_lower_bound_rt": "-0.18798432587790518285403949248108598240852132314603", "elapsed_seconds": 207.20396275632083}
{"nodes_evaluated": 3701, "best_value_upper_rt": "-4.557288366078597621062099665557676620E-14", "global_lower_bound_rt": "-0.18081839660722476425211915894401573884476046313555", "elapsed_seconds": 213.14531150087714}
{"nodes_evaluated": 3801, "best_value_upper_rt": "-4.557288366078597621062099665557676620E-14", "global_lower_bound_rt": "-0.17278637261471095349768958773213447800458446404773", "elapsed_seconds": 219.10451258905232}
{"nodes_evaluated": 3901, "best_value_upper_rt": "-4.557288366078597621062099665557676620E-14", "global_lower_bound_rt": "-0.16725834748623036402231296339823663807032727187821", "elapsed_seconds": 225.08234483748674}
{"nodes_evaluated": 4001, "best_value_upper_rt": "-4.557288366078597621062099665557676620E-14", "global_lower_bound_rt": "-0.16069759818247796358913320736413537493452364816302", "elapsed_seconds": 231.1118259448558}
{"nodes_evaluated": 4101, "best_value_upper_rt": "-4.557288366078597621062099665557676620E-14", "global_lower_bound_rt": "-0.15421838041967366660690765332275674422598671086646", "elapsed_seconds": 237.10333325341344}
{"nodes_evaluated": 4201, "best_value_upper_rt": "-4.557288366078597621062099665557676620E-14", "global_lower_bound_rt": "-0.14721897511214745815948766794966058458422087910683", "elapsed_seconds": 243.19534968957305}
{"nodes_evaluated": 4301, "best_value_upper_rt": "-4.557288366078597621062099665557676620E-14", "global_lower_bound_rt": "-0.13933935644834359361299641480718070951193263052771", "elapsed_seconds": 249.32149572484195}
{"nodes_evaluated": 4401, "best_value_upper_rt": "-4.557288366078597621062099665557676620E-14", "global_lower_bound_rt": "-0.13366069753878950511936284511414316656134679518280", "elapsed_seconds": 255.43933653272688}
{"nodes_evaluated": 4501, "best_value_upper_rt": "-4.557288366078597621062099665557676620E-14", "global_lower_bound_rt": "-0.12879552359874010825489095409709019461221616390298", "elapsed_seconds": 261.4903315529227}
{"nodes_evaluated": 4601, "best_value_upper_rt": "-4.557288366078597621062099665557676620E-14", "global_lower_bound_rt": "-0.12334446799076388326523057588050279372513330372890", "elapsed_seconds": 267.6073710452765}
{"nodes_evaluated": 4701, "best_value_upper_rt": "-4.557288366078597621062099665557676620E-14", "global_lower_bound_rt": "-0.11791084127561407299559840502394877641495975691444", "elapsed_seconds": 273.67477177642286}
{"nodes_evaluated": 4801, "best_value_upper_rt": "-4.557288366078597621062099665557676620E-14", "global_lower_bound_rt": "-0.11307777054385951959765117809562064660194177718556", "elapsed_seconds": 279.704959904775}
{"nodes_evaluated": 4901, "best_value_upper_rt": "-4.557288366078597621062099665557676620E-14", "global_lower_bound_rt": "-0.10789429212052465379875060443065459733993410901304", "elapsed_seconds": 285.788315679878}
{"nodes_evaluated": 5001, "best_value_upper_rt": "-4.557288366078597621062099665557676620E-14", "global_lower_bound_rt": "-0.10359979822424661068369021171080416238786629545562", "elapsed_seconds": 291.8306132592261}
{"nodes_evaluated": 5101, "best_value_upper_rt": "-4.557288366078597621062099665557676620E-14", "global_lower_bound_rt": "-0.10021482104722396844846747805302895944834844951209", "elapsed_seconds": 297.873032130301}
{"nodes_evaluated": 5201, "best_value_upper_rt": "-4.557288366078597621062099665557676620E-14", "global_lower_bound_rt": "-0.096620048231966751091611373843168685023152505189103", "elapsed_seconds": 303.88721372932196}
{"nodes_evaluated": 5301, "best_value_upper_rt": "-4.557288366078597621062099665557676620E-14", "global_lower_bound_rt": "-0.092902100198921252705639793667403500400739315096325", "elapsed_seconds": 309.90118689090014}
{"nodes_evaluated": 5401, "best_value_upper_rt": "-4.557288366078597621062099665557676620E-14", "global_lower_bound_rt": "-0.089322062409766504051805064099259107976226207812619", "elapsed_seconds": 316.0229131001979}
{"nodes_evaluated": 5501, "best_value_upper_rt": "-4.557288366078597621062099665557676620E-14", "global_lower_bound_rt": "-0.086775313864058310285044520502414005704791099206207", "elapsed_seconds": 322.1368914581835}
{"nodes_evaluated": 5601, "best_value_upper_rt": "-4.557288366078597621062099665557676620E-14", "global_lower_bound_rt": "-0.083824008971230483380577924909325007940806479165637", "elapsed_seconds": 328.2730890214443}
{"nodes_evaluated": 5701, "best_value_upper_rt": "-4.557288366078597621062099665557676620E-14", "global_lower_bound_rt": "-0.081282792753340734045734731977334772914121195842822", "elapsed_seconds": 334.3482100199908}
{"nodes_evaluated": 5801, "best_value_upper_rt": "-4.557288366078597621062099665557676620E-14", "global_lower_bound_rt": "-0.077396761038584294192921564306003202810025624653818", "elapsed_seconds": 340.44377432204783}
{"nodes_evaluated": 5901, "best_value_upper_rt": "-4.557288366078597621062099665557676620E-14", "global_lower_bound_rt": "-0.074620675659722772365312945857436006819995051241807", "elapsed_seconds": 346.61066151596606}
{"nodes_evaluated": 6001, "best_value_upper_rt": "-4.557288366078597621062099665557676620E-14", "global_lower_bound_rt": "-0.071493531702512920189182329389097114642555740333436", "elapsed_seconds": 352.8344511128962}
{"nodes_evaluated": 6101, "best_value_upper_rt": "-4.557288366078597621062099665557676620E-14", "global_lower_bound_rt": "-0.067420012648465387708481306349458915603943292485107", "elapsed_seconds": 359.07211886532605}
{"nodes_evaluated": 6201, "best_value_upper_rt": "-4.557288366078597621062099665557676620E-14", "global_lower_bound_rt": "-0.064122440681979271235270652578346935116208785328065", "elapsed_seconds": 365.2195260692388}
{"nodes_evaluated": 6301, "best_value_upper_rt": "-4.557288366078597621062099665557676620E-14", "global_lower_bound_rt": "-0.061709246960554831238294423959942393894218875712755", "elapsed_seconds": 371.377686297521}
{"nodes_evaluated": 6401, "best_value_upper_rt": "-4.557288366078597621062099665557676620E-14", "global_lower_bound_rt": "-0.058810996843475266256579661195352786190891825224818", "elapsed_seconds": 377.59585114941}
{"nodes_evaluated": 6501, "best_value_upper_rt": "-4.557288366078597621062099665557676620E-14", "global_lower_bound_rt": "-0.056255335306042179295110653397057399285940749130942", "elapsed_seconds": 383.8183496966958}
{"nodes_evaluated": 6601, "best_value_upper_rt": "-4.557288366078597621062099665557676620E-14", "global_lower_bound_rt": "-0.053638650663910825668991300263104348177482787826666", "elapsed_seconds": 389.9810034763068}
{"nodes_evaluated": 6701, "best_value_upper_rt": "-4.557288366078597621062099665557676620E-14", "global_lower_bound_rt": "-0.051435737960813365715475132860686291600562448394404", "elapsed_seconds": 399.60854110866785}
{"nodes_evaluated": 6801, "best_value_upper_rt": "-4.557288366078597621062099665557676620E-14", "global_lower_bound_rt": "-0.049291680214804204409374881501936753125995158006126", "elapsed_seconds": 412.31768277287483}
{"nodes_evaluated": 6901, "best_value_upper_rt": "-4.557288366078597621062099665557676620E-14", "global_lower_bound_rt": "-0.047625828646129370856259301997250546005367520296676", "elapsed_seconds": 425.46176106482744}
{"nodes_evaluated": 7001, "best_value_upper_rt": "-4.557288366078597621062099665557676620E-14", "global_lower_bound_rt": "-0.045718761941313108342462979668175107330111173136947", "elapsed_seconds": 438.37656363658607}
{"nodes_evaluated": 7101, "best_value_upper_rt": "-4.557288366078597621062099665557676620E-14", "global_lower_bound_rt": "-0.044280910124712097569945465695408161201854410062114", "elapsed_seconds": 451.20691565796733}
{"nodes_evaluated": 7201, "best_value_upper_rt": "-4.557288366078597621062099665557676620E-14", "global_lower_bound_rt": "-0.042311728487048976158841047082065849510994180549086", "elapsed_seconds": 463.9038186054677}
{"nodes_evaluated": 7301, "best_value_upper_rt": "-4.557288366078597621062099665557676620E-14", "global_lower_bound_rt": "-0.040206581675078615581379104121477014136611577306776", "elapsed_seconds": 476.6458408292383}
{"nodes_evaluated": 7401, "best_value_upper_rt": "-4.557288366078597621062099665557676620E-14", "global_lower_bound_rt": "-0.038532448405733885544703342312011562775416701839584", "elapsed_seconds": 489.56178089790046}
{"nodes_evaluated": 7501, "best_value_upper_rt": "-4.557288366078597621062099665557676620E-14", "global_lower_bound_rt": "-0.036870454199302106401705500621418400042287017004038", "elapsed_seconds": 502.4275853894651}
{"nodes_evaluated": 7601, "best_value_upper_rt": "-4.557288366078597621062099665557676620E-14", "global_lower_bound_rt": "-0.035676986573976853794847663996347176903404370467583", "elapsed_seconds": 517.4204902332276}
{"nodes_evaluated": 7701, "best_value_upper_rt": "-4.557288366078597621062099665557676620E-14", "global_lower_bound_rt": "-0.034217069824833388898127507520274845573039717325844", "elapsed_seconds": 533.0534123424441}
{"nodes_evaluated": 7801, "best_value_upper_rt": "-4.557288366078597621062099665557676620E-14", "global_lower_bound_rt": "-0.033182691040164150733195733898476058510686415096013", "elapsed_seconds": 546.1677409764379}
{"nodes_evaluated": 7901, "best_value_upper_rt": "-4.557288366078597621062099665557676620E-14", "global_lower_bound_rt": "-0.032240001653119882376015609350436490954245512953855", "elapsed_seconds": 558.9281229414046}
{"nodes_evaluated": 8001, "best_value_upper_rt": "-4.557288366078597621062099665557676620E-14", "global_lower_bound_rt": "-0.031270840208099952651114312484426641294751809276441", "elapsed_seconds": 571.6684645041823}
{"nodes_evaluated": 8101, "best_value_upper_rt": "-4.557288366078597621062099665557676620E-14", "global_lower_bound_rt": "-0.030306942220230469613949326850242091583869392094418", "elapsed_seconds": 584.6046104803681}
{"nodes_evaluated": 8201, "best_value_upper_rt": "-4.557288366078597621062099665557676620E-14", "global_lower_bound_rt": "-0.029446494235159793214432555559631747317403188372838", "elapsed_seconds": 597.3738991040736}
{"nodes_evaluated": 8301, "best_value_upper_rt": "-4.557288366078597621062099665557676620E-14", "global_lower_bound_rt": "-0.028588419051928418273510807729546784139597677824524", "elapsed_seconds": 610.325689021498}
{"nodes_evaluated": 8401, "best_value_upper_rt": "-4.557288366078597621062099665557676620E-14", "global_lower_bound_rt": "-0.027728753079997865888724415639502548743504925660438", "elapsed_seconds": 625.1139589250088}
{"nodes_evaluated": 8501, "best_value_upper_rt": "-4.557288366078597621062099665557676620E-14", "global_lower_bound_rt": "-0.026675709162631758836899154076064814127105991685544", "elapsed_seconds": 638.4611469767988}
{"nodes_evaluated": 8601, "best_value_upper_rt": "-4.557288366078597621062099665557676620E-14", "global_lower_bound_rt": "-0.025851423458151467004017661959407468626665194265807", "elapsed_seconds": 651.7681647576392}
{"nodes_evaluated": 8701, "best_value_upper_rt": "-4.557288366078597621062099665557676620E-14", "global_lower_bound_rt": "-0.024949225303974323194015623420097372096041580273068", "elapsed_seconds": 664.746330909431}
{"nodes_evaluated": 8801, "best_value_upper_rt": "-4.557288366078597621062099665557676620E-14", "global_lower_bound_rt": "-0.024223293067877511968509367828431269593728440531507", "elapsed_seconds": 677.5846089255065}
{"nodes_evaluated": 8901, "best_value_upper_rt": "-4.557288366078597621062099665557676620E-14", "global_lower_bound_rt": "-0.023437346754278479483039883013360484604168377094501", "elapsed_seconds": 690.7784690242261}
{"nodes_evaluated": 9001, "best_value_upper_rt": "-4.557288366078597621062099665557676620E-14", "global_lower_bound_rt": "-0.022626215424739300411001946509488162547265273471605", "elapsed_seconds": 703.8395301532}
{"nodes_evaluated": 9101, "best_value_upper_rt": "-4.557288366078597621062099665557676620E-14", "global_lower_bound_rt": "-0.021837046178276363755876697869935176473921356303796", "elapsed_seconds": 717.1944522578269}
{"nodes_evaluated": 9201, "best_value_upper_rt": "-4.557288366078597621062099665557676620E-14", "global_lower_bound_rt": "-0.021239675181760667710335615074978164568177038266201", "elapsed_seconds": 730.5440537966788}
{"nodes_evaluated": 9301, "best_value_upper_rt": "-4.557288366078597621062099665557676620E-14", "global_lower_bound_rt": "-0.020522243665963309216314253164425290147472100351834", "elapsed_seconds": 742.0811772681773}
{"nodes_evaluated": 9401, "best_value_upper_rt": "-4.557288366078597621062099665557676620E-14", "global_lower_bound_rt": "-0.019887741317387411030452704813069149019463327522548", "elapsed_seconds": 748.7351917047054}
{"nodes_evaluated": 9501, "best_value_upper_rt": "-4.557288366078597621062099665557676620E-14", "global_lower_bound_rt": "-0.019318342628586359726947670810281822834367010241822", "elapsed_seconds": 755.3466844633222}
{"nodes_evaluated": 9601, "best_value_upper_rt": "-4.557288366078597621062099665557676620E-14", "global_lower_bound_rt": "-0.018594753344609302273731718738622945497012415788746", "elapsed_seconds": 762.0647607687861}
{"nodes_evaluated": 9701, "best_value_upper_rt": "-4.557288366078597621062099665557676620E-14", "global_lower_bound_rt": "-0.018170164035149481318830630339971747200172873145344", "elapsed_seconds": 768.8123119343072}
{"nodes_evaluated": 9801, "best_value_upper_rt": "-4.557288366078597621062099665557676620E-14", "global_lower_bound_rt": "-0.017494719638970460487443059980855471152437406232151", "elapsed_seconds": 775.4150255210698}
{"nodes_evaluated": 9901, "best_value_upper_rt": "-4.557288366078597621062099665557676620E-14", "global_lower_bound_rt": "-0.016837822553980516578988127260109331567549546345074", "elapsed_seconds": 782.075157141313}
{"nodes_evaluated": 10001, "best_value_upper_rt": "-4.557288366078597621062099665557676620E-14", "global_lower_bound_rt": "-0.016226814741405456612242719361655882940521246095809", "elapsed_seconds": 788.7421555612236}
{"nodes_evaluated": 10101, "best_value_upper_rt": "-4.557288366078597621062099665557676620E-14", "global_lower_bound_rt": "-0.015674314014462537799414378026801405411097586441806", "elapsed_seconds": 795.3517134133726}
{"nodes_evaluated": 10201, "best_value_upper_rt": "-4.557288366078597621062099665557676620E-14", "global_lower_bound_rt": "-0.015185469525754019298367657248640212179913574384414", "elapsed_seconds": 801.9944191798568}
{"nodes_evaluated": 10301, "best_value_upper_rt": "-4.557288366078597621062099665557676620E-14", "global_lower_bound_rt": "-0.014657326370235823714965472728556155219288502175019", "elapsed_seconds": 808.7147480975837}
{"nodes_evaluated": 10401, "best_value_upper_rt": "-4.557288366078597621062099665557676620E-14", "global_lower_bound_rt": "-0.013992790582957969360796063987952464936705303190750", "elapsed_seconds": 815.4032495450228}
{"nodes_evaluated": 10501, "best_value_upper_rt": "-4.557288366078597621062099665557676620E-14", "global_lower_bound_rt": "-0.013516838207032961017564532201145434578755595811802", "elapsed_seconds": 822.0693383123726}
{"nodes_evaluated": 10601, "best_value_upper_rt": "-4.557288366078597621062099665557676620E-14", "global_lower_bound_rt": "-0.012932466142834451098588451925432277053523702546353", "elapsed_seconds": 828.7081315219402}
{"nodes_evaluated": 10701, "best_value_upper_rt": "-4.557288366078597621062099665557676620E-14", "global_lower_bound_rt": "-0.012461698535468398716562894209591829525771853869183", "elapsed_seconds": 835.476460646838}
{"nodes_evaluated": 10801, "best_value_upper_rt": "-4.557288366078597621062099665557676620E-14", "global_lower_bound_rt": "-0.011965327100073997667973919346369976587529380839060", "elapsed_seconds": 842.1661817133427}
{"nodes_evaluated": 10901, "best_value_upper_rt": "-4.557288366078597621062099665557676620E-14", "global_lower_bound_rt": "-0.011418040111917293390691143024570237567593244211477", "elapsed_seconds": 848.8389547336847}
{"nodes_evaluated": 11001, "best_value_upper_rt": "-4.557288366078597621062099665557676620E-14", "global_lower_bound_rt": "-0.011012731206543107598334034204761650349043721176592", "elapsed_seconds": 855.5944665651768}
{"nodes_evaluated": 11101, "best_value_upper_rt": "-4.557288366078597621062099665557676620E-14", "global_lower_bound_rt": "-0.010505652305638138337638508401900569107486481338998", "elapsed_seconds": 862.3015491049737}
{"nodes_evaluated": 11201, "best_value_upper_rt": "-4.557288366078597621062099665557676620E-14", "global_lower_bound_rt": "-0.010070127293026368124544732747077552120910285476269", "elapsed_seconds": 869.0257773399353}
{"nodes_evaluated": 11301, "best_value_upper_rt": "-4.557288366078597621062099665557676620E-14", "global_lower_bound_rt": "-0.0096773898715435139713623207576314101827066212152495", "elapsed_seconds": 875.7365605831146}
{"nodes_evaluated": 11401, "best_value_upper_rt": "-4.557288366078597621062099665557676620E-14", "global_lower_bound_rt": "-0.0092610382707154266153762370247898453320246501531997", "elapsed_seconds": 882.4103317763656}
{"nodes_evaluated": 11501, "best_value_upper_rt": "-4.557288366078597621062099665557676620E-14", "global_lower_bound_rt": "-0.0088579524980613147930296718910798250722844642761220", "elapsed_seconds": 889.1482460480183}
{"nodes_evaluated": 11601, "best_value_upper_rt": "-4.557288366078597621062099665557676620E-14", "global_lower_bound_rt": "-0.0084658521174564059174365890367992344689185548752959", "elapsed_seconds": 895.7995692398399}
{"nodes_evaluated": 11701, "best_value_upper_rt": "-4.557288366078597621062099665557676620E-14", "global_lower_bound_rt": "-0.0081039063656602174270707442375287999596782265103945", "elapsed_seconds": 902.4066299721599}
{"nodes_evaluated": 11801, "best_value_upper_rt": "-4.557288366078597621062099665557676620E-14", "global_lower_bound_rt": "-0.0076494884333959011404081984607959728638500553591840", "elapsed_seconds": 909.055600784719}
{"nodes_evaluated": 11901, "best_value_upper_rt": "-4.557288366078597621062099665557676620E-14", "global_lower_bound_rt": "-0.0072630817425116181205390676019746109704113277746327", "elapsed_seconds": 915.86133556813}
{"nodes_evaluated": 12001, "best_value_upper_rt": "-4.557288366078597621062099665557676620E-14", "global_lower_bound_rt": "-0.0069430027763793756043122793544096507723617407493771", "elapsed_seconds": 922.4407065622509}
{"nodes_evaluated": 12101, "best_value_upper_rt": "-4.557288366078597621062099665557676620E-14", "global_lower_bound_rt": "-0.0065175461011999849693987886758168719270840100214955", "elapsed_seconds": 929.0815732851624}
{"nodes_evaluated": 12201, "best_value_upper_rt": "-4.557288366078597621062099665557676620E-14", "global_lower_bound_rt": "-0.0062173306255087814846675802606363843207202445197578", "elapsed_seconds": 935.8294492848217}
{"nodes_evaluated": 12301, "best_value_upper_rt": "-4.557288366078597621062099665557676620E-14", "global_lower_bound_rt": "-0.0057400673576481102423318132791203225351335548007948", "elapsed_seconds": 942.5959356669337}
{"nodes_evaluated": 12401, "best_value_upper_rt": "-4.557288366078597621062099665557676620E-14", "global_lower_bound_rt": "-0.0054121369003114111954101047368442306400742862949029", "elapsed_seconds": 949.4289303198457}
{"nodes_evaluated": 12501, "best_value_upper_rt": "-4.557288366078597621062099665557676620E-14", "global_lower_bound_rt": "-0.0050807798372638594726416252395287363814169208074153", "elapsed_seconds": 956.1559499185532}
{"nodes_evaluated": 12601, "best_value_upper_rt": "-4.557288366078597621062099665557676620E-14", "global_lower_bound_rt": "-0.0047052523719684742117818992601003429132240902202342", "elapsed_seconds": 962.8361630495638}
{"nodes_evaluated": 12701, "best_value_upper_rt": "-4.557288366078597621062099665557676620E-14", "global_lower_bound_rt": "-0.0043466096960439979162210788164703663619916300488817", "elapsed_seconds": 969.4979125279933}
{"nodes_evaluated": 12801, "best_value_upper_rt": "-4.557288366078597621062099665557676620E-14", "global_lower_bound_rt": "-0.0038818148892707433599239158241585717173958217826427", "elapsed_seconds": 976.1012892965227}
{"nodes_evaluated": 12901, "best_value_upper_rt": "-4.557288366078597621062099665557676620E-14", "global_lower_bound_rt": "-0.0035674037290909767068132812169602017054451256225077", "elapsed_seconds": 982.7952675409615}
{"nodes_evaluated": 13001, "best_value_upper_rt": "-4.557288366078597621062099665557676620E-14", "global_lower_bound_rt": "-0.0032725142120809613378257373651098336317108835474774", "elapsed_seconds": 989.4152499120682}
{"nodes_evaluated": 13101, "best_value_upper_rt": "-4.557288366078597621062099665557676620E-14", "global_lower_bound_rt": "-0.0029974926726267467302345301746374079242528501708151", "elapsed_seconds": 996.0196485165507}
{"nodes_evaluated": 13201, "best_value_upper_rt": "-4.557288366078597621062099665557676620E-14", "global_lower_bound_rt": "-0.0027163349294512298612228132678370132856739520182748", "elapsed_seconds": 1002.6523127201945}
{"nodes_evaluated": 13301, "best_value_upper_rt": "-4.557288366078597621062099665557676620E-14", "global_lower_bound_rt": "-0.0023377041662860758727883960214821338917713789826409", "elapsed_seconds": 1009.4210296161473}
{"nodes_evaluated": 13401, "best_value_upper_rt": "-4.557288366078597621062099665557676620E-14", "global_lower_bound_rt": "-0.0020435076191645153339621903153587287229801354257864", "elapsed_seconds": 1016.0276894420385}
{"nodes_evaluated": 13501, "best_value_upper_rt": "-4.557288366078597621062099665557676620E-14", "global_lower_bound_rt": "-0.0017558276527122444590688038655648683258077946295458", "elapsed_seconds": 1022.5863753408194}
{"nodes_evaluated": 13601, "best_value_upper_rt": "-4.557288366078597621062099665557676620E-14", "global_lower_bound_rt": "-0.0014097623009452728380325031424791236870538227252536", "elapsed_seconds": 1029.1434236466885}
{"nodes_evaluated": 13701, "best_value_upper_rt": "-4.557288366078597621062099665557676620E-14", "global_lower_bound_rt": "-0.0011725588343742684550154359658350124204099788517170", "elapsed_seconds": 1035.8452285975218}
{"nodes_evaluated": 13801, "best_value_upper_rt": "-4.557288366078597621062099665557676620E-14", "global_lower_bound_rt": "-0.00085364639256078647748089767910248564895685958792139", "elapsed_seconds": 1042.4385800212622}
{"nodes_evaluated": 13901, "best_value_upper_rt": "-4.557288366078597621062099665557676620E-14", "global_lower_bound_rt": "-0.00053301455246445289636724774716717165365716758325208", "elapsed_seconds": 1049.106209270656}
{"nodes_evaluated": 14001, "best_value_upper_rt": "-4.557288366078597621062099665557676620E-14", "global_lower_bound_rt": "-0.00023120080998259436162571893267956380864032359442229", "elapsed_seconds": 1055.7136335726827}
-5.90378118981304510941546577299576492040075E-14 14077 True
