{"phase": "hornblende", "formal_global_insertion_bound_accepted": true, "lower_bound_rt_per_formula_unit": 14.978263199429023, "node_count": 1, "unresolved_box_count": 0}
{"phase": "biotite", "formal_global_insertion_bound_accepted": true, "lower_bound_rt_per_formula_unit": 13.353396620452456, "node_count": 1, "unresolved_box_count": 0}
{"phase": "garnet", "formal_global_insertion_bound_accepted": true, "lower_bound_rt_per_formula_unit": 1.1404857304359972, "node_count": 3, "unresolved_box_count": 0}
{"phase": "alkali-feldspar", "formal_global_insertion_bound_accepted": true, "lower_bound_rt_per_formula_unit": 2.429315922798022, "node_count": 3, "unresolved_box_count": 0}
{"phase": "kalsilite", "formal_global_insertion_bound_accepted": true, "lower_bound_rt_per_formula_unit": 8.405848619328227, "node_count": 1, "unresolved_box_count": 0}
{"phase": "leucite", "formal_global_insertion_bound_accepted": true, "lower_bound_rt_per_formula_unit": 1.1774739325060002, "node_count": 1, "unresolved_box_count": 0}
{"phase": "alloy-solid", "formal_global_insertion_bound_accepted": true, "lower_bound_rt_per_formula_unit": 0.2306027839422462, "node_count": 1, "unresolved_box_count": 0}
{"phase": "alloy-liquid", "formal_global_insertion_bound_accepted": true, "lower_bound_rt_per_formula_unit": 0.04536556585172421, "node_count": 1, "unresolved_box_count": 0}
{"phase": "cummingtonite", "formal_global_insertion_bound_accepted": true, "lower_bound_rt_per_formula_unit": 9.778603466507093, "node_count": 1, "unresolved_box_count": 0}
{"phase": "olivine", "formal_global_insertion_bound_accepted": true, "lower_bound_rt_per_formula_unit": 0.0015623486626745694, "node_count": 9, "unresolved_box_count": 0}
{"phase": "nepheline", "formal_global_insertion_bound_accepted": true, "lower_bound_rt_per_formula_unit": 4.667491913622299, "node_count": 1, "unresolved_box_count": 0}
{"phase": "clinoamphibole", "formal_global_insertion_bound_accepted": true, "lower_bound_rt_per_formula_unit": 3.9337376351853024, "node_count": 1, "unresolved_box_count": 0}
{"phase": "orthoamphibole", "formal_global_insertion_bound_accepted": true, "lower_bound_rt_per_formula_unit": 3.564008628189676, "node_count": 1, "unresolved_box_count": 0}
{"phase": "melilite", "formal_global_insertion_bound_accepted": true, "lower_bound_rt_per_formula_unit": 1.9039119925062242, "node_count": 1, "unresolved_box_count": 0}
{"phase": "ortho-oxide", "formal_global_insertion_bound_accepted": true, "lower_bound_rt_per_formula_unit": 0.9416522933615877, "node_count": 3, "unresolved_box_count": 0}
{"phase": "rhm-oxide", "formal_global_insertion_bound_accepted": true, "lower_bound_rt_per_formula_unit": 0.09796099625621209, "node_count": 59, "unresolved_box_count": 0}
{"phase": "plagioclase", "formal_global_insertion_bound_accepted": true, "lower_bound_rt_per_formula_unit": 1.93193589131545, "node_count": 1, "unresolved_box_count": 0}
{"phase": "clinopyroxene", "formal_global_insertion_bound_accepted": true, "lower_bound_rt_per_formula_unit": 0.007455451042864402, "node_count": 517, "unresolved_box_count": 0}
{"phase": "orthopyroxene", "formal_global_insertion_bound_accepted": true, "lower_bound_rt_per_formula_unit": 0.000370622565599408, "node_count": 735, "unresolved_box_count": 0}
{"phase": "spinel", "formal_global_insertion_bound_accepted": true, "lower_bound_rt_per_formula_unit": 0.010281450720608341, "node_count": 313, "unresolved_box_count": 0}
