olivine unresolved 0.0847993422679097
sphene nonnegative_fixed_composition 1.2627469709473906
garnet unresolved 0.34366169595472384
melilite unresolved 0.567255498940958
orthopyroxene unresolved 0.15047399276685178
clinopyroxene unresolved 0.1504038824737429
aenigmatite nonnegative_fixed_composition 0.7787418589507582
cummingtonite unresolved 0.42067733868048757
clinoamphibole unresolved 0.4194248729459433
orthoamphibole unresolved 0.4273760620754921
hornblende unresolved 0.5012742517924326
biotite unresolved 0.6742002042111523
muscovite nonnegative_fixed_composition 1.0323924667903166
alkali-feldspar unresolved 0.44191057917514265
plagioclase unresolved 0.42083560853006236
quartz nonnegative_fixed_composition 0.46137614143460653
tridymite nonnegative_fixed_composition 0.3993654902228052
cristobalite nonnegative_fixed_composition 0.4385806823398778
nepheline unresolved 0.5515811244916664
kalsilite unresolved 0.5739019594278054
leucite unresolved 0.42936741720339755
corundum nonnegative_fixed_composition 0.8546026566438104
sillimanite nonnegative_fixed_composition 0.7076099289207091
rutile nonnegative_fixed_composition 1.9048530070618157
perovskite nonnegative_fixed_composition 1.69893305369941
spinel unresolved 0.3087525571333638
rhm-oxide unresolved 0.8806916941183529
ortho-oxide unresolved 1.556110924396268
whitlockite nonnegative_fixed_composition 0.6515129889855443
apatite nonnegative_fixed_composition 0.8374073098606265
water nonnegative_fixed_composition 11.782111331474702
alloy-solid unresolved 0.23060278394072506
alloy-liquid unresolved 0.04536556585019347
local_curvature numerically_positive_local_curvature
