/home/kawahara/anaconda3/envs/myenv39/lib/python3.9/site-packages/scipy/optimize/_slsqp_py.py:437: RuntimeWarning: Values in x were outside bounds during a minimize step, clipping to bounds
  fx = wrapped_fun(x)
/home/kawahara/anaconda3/envs/myenv39/lib/python3.9/site-packages/scipy/optimize/_slsqp_py.py:441: RuntimeWarning: Values in x were outside bounds during a minimize step, clipping to bounds
  g = append(wrapped_grad(x), 0.0)
{"nodes_evaluated": 100, "best_value_upper_rt": "-4.557288366078597621062099665557676620E-14", "elapsed_seconds": 5.753849456086755}
{"nodes_evaluated": 200, "best_value_upper_rt": "-4.557288366078597621062099665557676620E-14", "elapsed_seconds": 11.5835180003196}
{"nodes_evaluated": 300, "best_value_upper_rt": "-4.557288366078597621062099665557676620E-14", "elapsed_seconds": 17.40198133327067}
{"nodes_evaluated": 400, "best_value_upper_rt": "-4.557288366078597621062099665557676620E-14", "elapsed_seconds": 23.198987679556012}
{"nodes_evaluated": 500, "best_value_upper_rt": "-4.557288366078597621062099665557676620E-14", "elapsed_seconds": 29.09360421821475}
{"nodes_evaluated": 600, "best_value_upper_rt": "-4.557288366078597621062099665557676620E-14", "elapsed_seconds": 34.92187567614019}
{"nodes_evaluated": 700, "best_value_upper_rt": "-4.557288366078597621062099665557676620E-14", "elapsed_seconds": 40.7213298920542}
{"nodes_evaluated": 800, "best_value_upper_rt": "-4.557288366078597621062099665557676620E-14", "elapsed_seconds": 46.52359110675752}
{"nodes_evaluated": 900, "best_value_upper_rt": "-4.557288366078597621062099665557676620E-14", "elapsed_seconds": 52.36396578885615}
{"nodes_evaluated": 1000, "best_value_upper_rt": "-4.557288366078597621062099665557676620E-14", "elapsed_seconds": 58.2300981041044}
{"nodes_evaluated": 1100, "best_value_upper_rt": "-4.557288366078597621062099665557676620E-14", "elapsed_seconds": 64.04844784364104}
{"nodes_evaluated": 1200, "best_value_upper_rt": "-4.557288366078597621062099665557676620E-14", "elapsed_seconds": 69.96107551269233}
{"nodes_evaluated": 1300, "best_value_upper_rt": "-4.557288366078597621062099665557676620E-14", "elapsed_seconds": 75.86951635405421}
{"nodes_evaluated": 1400, "best_value_upper_rt": "-4.557288366078597621062099665557676620E-14", "elapsed_seconds": 81.76222885586321}
{"nodes_evaluated": 1500, "best_value_upper_rt": "-4.557288366078597621062099665557676620E-14", "elapsed_seconds": 87.60318948701024}
{"nodes_evaluated": 1600, "best_value_upper_rt": "-4.557288366078597621062099665557676620E-14", "elapsed_seconds": 93.49791488610208}
{"nodes_evaluated": 1700, "best_value_upper_rt": "-4.557288366078597621062099665557676620E-14", "elapsed_seconds": 99.3827748708427}
{"nodes_evaluated": 1800, "best_value_upper_rt": "-4.557288366078597621062099665557676620E-14", "elapsed_seconds": 105.2363660633564}
{"nodes_evaluated": 1900, "best_value_upper_rt": "-4.557288366078597621062099665557676620E-14", "elapsed_seconds": 111.11529834754765}
{"nodes_evaluated": 2000, "best_value_upper_rt": "-4.557288366078597621062099665557676620E-14", "elapsed_seconds": 117.00865890830755}
{"nodes_evaluated": 2100, "best_value_upper_rt": "-4.557288366078597621062099665557676620E-14", "elapsed_seconds": 123.03787988424301}
{"nodes_evaluated": 2200, "best_value_upper_rt": "-4.557288366078597621062099665557676620E-14", "elapsed_seconds": 129.40827251970768}
{"nodes_evaluated": 2300, "best_value_upper_rt": "-4.557288366078597621062099665557676620E-14", "elapsed_seconds": 135.83966841176152}
{"nodes_evaluated": 2400, "best_value_upper_rt": "-4.557288366078597621062099665557676620E-14", "elapsed_seconds": 218.78587317839265}
{"nodes_evaluated": 2500, "best_value_upper_rt": "-4.557288366078597621062099665557676620E-14", "elapsed_seconds": 224.56954113580287}
{"nodes_evaluated": 2600, "best_value_upper_rt": "-4.557288366078597621062099665557676620E-14", "elapsed_seconds": 230.33477057144046}
{"nodes_evaluated": 2700, "best_value_upper_rt": "-4.557288366078597621062099665557676620E-14", "elapsed_seconds": 236.08414837531745}
{"nodes_evaluated": 2800, "best_value_upper_rt": "-4.557288366078597621062099665557676620E-14", "elapsed_seconds": 241.8245030026883}
{"nodes_evaluated": 2900, "best_value_upper_rt": "-4.557288366078597621062099665557676620E-14", "elapsed_seconds": 247.60372649878263}
{"nodes_evaluated": 3000, "best_value_upper_rt": "-4.557288366078597621062099665557676620E-14", "elapsed_seconds": 253.35342861525714}
{"nodes_evaluated": 3100, "best_value_upper_rt": "-4.557288366078597621062099665557676620E-14", "elapsed_seconds": 259.0546794589609}
{"nodes_evaluated": 3200, "best_value_upper_rt": "-4.557288366078597621062099665557676620E-14", "elapsed_seconds": 264.8498081602156}
{"nodes_evaluated": 3300, "best_value_upper_rt": "-4.557288366078597621062099665557676620E-14", "elapsed_seconds": 270.6744931228459}
{"nodes_evaluated": 3400, "best_value_upper_rt": "-4.557288366078597621062099665557676620E-14", "elapsed_seconds": 276.3822340518236}
{"nodes_evaluated": 3500, "best_value_upper_rt": "-4.557288366078597621062099665557676620E-14", "elapsed_seconds": 282.063294833526}
{"nodes_evaluated": 3600, "best_value_upper_rt": "-4.557288366078597621062099665557676620E-14", "elapsed_seconds": 287.8351873792708}
{"nodes_evaluated": 3700, "best_value_upper_rt": "-4.557288366078597621062099665557676620E-14", "elapsed_seconds": 293.56129280664027}
{"nodes_evaluated": 3800, "best_value_upper_rt": "-4.557288366078597621062099665557676620E-14", "elapsed_seconds": 299.3223565351218}
{"nodes_evaluated": 3900, "best_value_upper_rt": "-4.557288366078597621062099665557676620E-14", "elapsed_seconds": 305.17279194667935}
{"nodes_evaluated": 4000, "best_value_upper_rt": "-4.557288366078597621062099665557676620E-14", "elapsed_seconds": 310.99164030328393}
{"nodes_evaluated": 4100, "best_value_upper_rt": "-4.557288366078597621062099665557676620E-14", "elapsed_seconds": 316.7968531101942}
{"nodes_evaluated": 4200, "best_value_upper_rt": "-4.557288366078597621062099665557676620E-14", "elapsed_seconds": 322.67243753932416}
{"nodes_evaluated": 4300, "best_value_upper_rt": "-4.557288366078597621062099665557676620E-14", "elapsed_seconds": 328.5278347376734}
{"nodes_evaluated": 4400, "best_value_upper_rt": "-4.557288366078597621062099665557676620E-14", "elapsed_seconds": 334.40972172282636}
{"nodes_evaluated": 4500, "best_value_upper_rt": "-4.557288366078597621062099665557676620E-14", "elapsed_seconds": 340.2727220132947}
{"nodes_evaluated": 4600, "best_value_upper_rt": "-4.557288366078597621062099665557676620E-14", "elapsed_seconds": 346.1857971586287}
{"nodes_evaluated": 4700, "best_value_upper_rt": "-4.557288366078597621062099665557676620E-14", "elapsed_seconds": 352.07416825555265}
{"nodes_evaluated": 4800, "best_value_upper_rt": "-4.557288366078597621062099665557676620E-14", "elapsed_seconds": 357.92821903154254}
{"nodes_evaluated": 4900, "best_value_upper_rt": "-4.557288366078597621062099665557676620E-14", "elapsed_seconds": 363.810425311327}
{"nodes_evaluated": 5000, "best_value_upper_rt": "-4.557288366078597621062099665557676620E-14", "elapsed_seconds": 369.70447376556695}
{"nodes_evaluated": 5100, "best_value_upper_rt": "-4.557288366078597621062099665557676620E-14", "elapsed_seconds": 375.6006735507399}
{"nodes_evaluated": 5200, "best_value_upper_rt": "-4.557288366078597621062099665557676620E-14", "elapsed_seconds": 381.4552168305963}
{"nodes_evaluated": 5300, "best_value_upper_rt": "-4.557288366078597621062099665557676620E-14", "elapsed_seconds": 387.31002410687506}
{"nodes_evaluated": 5400, "best_value_upper_rt": "-4.557288366078597621062099665557676620E-14", "elapsed_seconds": 393.1899844072759}
{"nodes_evaluated": 5500, "best_value_upper_rt": "-4.557288366078597621062099665557676620E-14", "elapsed_seconds": 399.0140702407807}
{"nodes_evaluated": 5600, "best_value_upper_rt": "-4.557288366078597621062099665557676620E-14", "elapsed_seconds": 416.156505048275}
{"nodes_evaluated": 5700, "best_value_upper_rt": "-4.557288366078597621062099665557676620E-14", "elapsed_seconds": 434.5073385555297}
{"nodes_evaluated": 5800, "best_value_upper_rt": "-4.557288366078597621062099665557676620E-14", "elapsed_seconds": 452.7482027988881}
{"nodes_evaluated": 5900, "best_value_upper_rt": "-4.557288366078597621062099665557676620E-14", "elapsed_seconds": 471.2175006531179}
{"nodes_evaluated": 6000, "best_value_upper_rt": "-4.557288366078597621062099665557676620E-14", "elapsed_seconds": 489.53786196000874}
{"nodes_evaluated": 6100, "best_value_upper_rt": "-4.557288366078597621062099665557676620E-14", "elapsed_seconds": 506.9615947268903}
{"nodes_evaluated": 6200, "best_value_upper_rt": "-4.557288366078597621062099665557676620E-14", "elapsed_seconds": 518.8943495154381}
{"nodes_evaluated": 6300, "best_value_upper_rt": "-4.557288366078597621062099665557676620E-14", "elapsed_seconds": 529.6065099202096}
{"nodes_evaluated": 6400, "best_value_upper_rt": "-4.557288366078597621062099665557676620E-14", "elapsed_seconds": 535.4821043629199}
{"nodes_evaluated": 6500, "best_value_upper_rt": "-4.557288366078597621062099665557676620E-14", "elapsed_seconds": 541.3813308440149}
{"nodes_evaluated": 6600, "best_value_upper_rt": "-4.557288366078597621062099665557676620E-14", "elapsed_seconds": 547.2059160154313}
{"nodes_evaluated": 6700, "best_value_upper_rt": "-4.557288366078597621062099665557676620E-14", "elapsed_seconds": 553.0994019713253}
{"nodes_evaluated": 6800, "best_value_upper_rt": "-4.557288366078597621062099665557676620E-14", "elapsed_seconds": 559.0050317700952}
{"nodes_evaluated": 6900, "best_value_upper_rt": "-4.557288366078597621062099665557676620E-14", "elapsed_seconds": 564.9535623788834}
{"nodes_evaluated": 7000, "best_value_upper_rt": "-4.557288366078597621062099665557676620E-14", "elapsed_seconds": 570.8599893413484}
{"nodes_evaluated": 7100, "best_value_upper_rt": "-4.557288366078597621062099665557676620E-14", "elapsed_seconds": 576.7352608349174}
{"nodes_evaluated": 7200, "best_value_upper_rt": "-4.557288366078597621062099665557676620E-14", "elapsed_seconds": 582.6649153698236}
{"nodes_evaluated": 7300, "best_value_upper_rt": "-4.557288366078597621062099665557676620E-14", "elapsed_seconds": 588.5971033554524}
{"nodes_evaluated": 7400, "best_value_upper_rt": "-4.557288366078597621062099665557676620E-14", "elapsed_seconds": 594.6278521828353}
{"nodes_evaluated": 7500, "best_value_upper_rt": "-4.557288366078597621062099665557676620E-14", "elapsed_seconds": 665.4067104905844}
{"nodes_evaluated": 7600, "best_value_upper_rt": "-4.557288366078597621062099665557676620E-14", "elapsed_seconds": 671.3813429828733}
{"nodes_evaluated": 7700, "best_value_upper_rt": "-4.557288366078597621062099665557676620E-14", "elapsed_seconds": 677.2967395372689}
{"nodes_evaluated": 7800, "best_value_upper_rt": "-4.557288366078597621062099665557676620E-14", "elapsed_seconds": 683.22752440162}
{"nodes_evaluated": 7900, "best_value_upper_rt": "-4.557288366078597621062099665557676620E-14", "elapsed_seconds": 689.0657845772803}
{"nodes_evaluated": 8000, "best_value_upper_rt": "-4.557288366078597621062099665557676620E-14", "elapsed_seconds": 694.939921842888}
{"nodes_evaluated": 8100, "best_value_upper_rt": "-4.557288366078597621062099665557676620E-14", "elapsed_seconds": 700.9249691534787}
{"nodes_evaluated": 8200, "best_value_upper_rt": "-4.557288366078597621062099665557676620E-14", "elapsed_seconds": 706.8031369149685}
{"nodes_evaluated": 8300, "best_value_upper_rt": "-4.557288366078597621062099665557676620E-14", "elapsed_seconds": 712.7507412992418}
{"nodes_evaluated": 8400, "best_value_upper_rt": "-4.557288366078597621062099665557676620E-14", "elapsed_seconds": 718.7397416234016}
{"nodes_evaluated": 8500, "best_value_upper_rt": "-4.557288366078597621062099665557676620E-14", "elapsed_seconds": 724.6907087881118}
{"nodes_evaluated": 8600, "best_value_upper_rt": "-4.557288366078597621062099665557676620E-14", "elapsed_seconds": 730.6151895802468}
{"nodes_evaluated": 8700, "best_value_upper_rt": "-4.557288366078597621062099665557676620E-14", "elapsed_seconds": 736.4672793801874}
{"nodes_evaluated": 8800, "best_value_upper_rt": "-4.557288366078597621062099665557676620E-14", "elapsed_seconds": 742.3792077153921}
{"nodes_evaluated": 8900, "best_value_upper_rt": "-4.557288366078597621062099665557676620E-14", "elapsed_seconds": 748.4004305750132}
{"nodes_evaluated": 9000, "best_value_upper_rt": "-4.557288366078597621062099665557676620E-14", "elapsed_seconds": 754.3576322793961}
{"nodes_evaluated": 9100, "best_value_upper_rt": "-4.557288366078597621062099665557676620E-14", "elapsed_seconds": 760.3717930074781}
{"nodes_evaluated": 9200, "best_value_upper_rt": "-4.557288366078597621062099665557676620E-14", "elapsed_seconds": 766.3475331440568}
{"nodes_evaluated": 9300, "best_value_upper_rt": "-4.557288366078597621062099665557676620E-14", "elapsed_seconds": 772.2893732860684}
{"nodes_evaluated": 9400, "best_value_upper_rt": "-4.557288366078597621062099665557676620E-14", "elapsed_seconds": 778.2663856279105}
{"nodes_evaluated": 9500, "best_value_upper_rt": "-4.557288366078597621062099665557676620E-14", "elapsed_seconds": 784.2932215854526}
{"nodes_evaluated": 9600, "best_value_upper_rt": "-4.557288366078597621062099665557676620E-14", "elapsed_seconds": 790.3104745186865}
{"nodes_evaluated": 9700, "best_value_upper_rt": "-4.557288366078597621062099665557676620E-14", "elapsed_seconds": 796.3565770946443}
{"nodes_evaluated": 9800, "best_value_upper_rt": "-4.557288366078597621062099665557676620E-14", "elapsed_seconds": 802.3306256178766}
{"nodes_evaluated": 9900, "best_value_upper_rt": "-4.557288366078597621062099665557676620E-14", "elapsed_seconds": 808.3489457070827}
{"nodes_evaluated": 10000, "best_value_upper_rt": "-4.557288366078597621062099665557676620E-14", "elapsed_seconds": 814.3650015387684}
{"nodes_evaluated": 10100, "best_value_upper_rt": "-4.557288366078597621062099665557676620E-14", "elapsed_seconds": 820.3104641158134}
{"nodes_evaluated": 10200, "best_value_upper_rt": "-4.557288366078597621062099665557676620E-14", "elapsed_seconds": 826.3230624813586}
{"nodes_evaluated": 10300, "best_value_upper_rt": "-4.557288366078597621062099665557676620E-14", "elapsed_seconds": 832.391038838774}
{"nodes_evaluated": 10400, "best_value_upper_rt": "-4.557288366078597621062099665557676620E-14", "elapsed_seconds": 838.4163737278432}
{"nodes_evaluated": 10500, "best_value_upper_rt": "-4.557288366078597621062099665557676620E-14", "elapsed_seconds": 844.353855419904}
{"nodes_evaluated": 10600, "best_value_upper_rt": "-4.557288366078597621062099665557676620E-14", "elapsed_seconds": 850.304022911936}
{"nodes_evaluated": 10700, "best_value_upper_rt": "-4.557288366078597621062099665557676620E-14", "elapsed_seconds": 856.3359563406557}
{"nodes_evaluated": 10800, "best_value_upper_rt": "-4.557288366078597621062099665557676620E-14", "elapsed_seconds": 862.3599877823144}
{"nodes_evaluated": 10900, "best_value_upper_rt": "-4.557288366078597621062099665557676620E-14", "elapsed_seconds": 868.3410168346018}
{"nodes_evaluated": 11000, "best_value_upper_rt": "-4.557288366078597621062099665557676620E-14", "elapsed_seconds": 874.3515506647527}
{"nodes_evaluated": 11100, "best_value_upper_rt": "-4.557288366078597621062099665557676620E-14", "elapsed_seconds": 880.4238683655858}
{"nodes_evaluated": 11200, "best_value_upper_rt": "-4.557288366078597621062099665557676620E-14", "elapsed_seconds": 886.4612052030861}
{"nodes_evaluated": 11300, "best_value_upper_rt": "-4.557288366078597621062099665557676620E-14", "elapsed_seconds": 892.4703487791121}
{"nodes_evaluated": 11400, "best_value_upper_rt": "-4.557288366078597621062099665557676620E-14", "elapsed_seconds": 898.4589546434581}
{"nodes_evaluated": 11500, "best_value_upper_rt": "-4.557288366078597621062099665557676620E-14", "elapsed_seconds": 904.5864494629204}
{"nodes_evaluated": 11600, "best_value_upper_rt": "-4.557288366078597621062099665557676620E-14", "elapsed_seconds": 910.6348106786609}
{"nodes_evaluated": 11700, "best_value_upper_rt": "-4.557288366078597621062099665557676620E-14", "elapsed_seconds": 916.6514539346099}
{"nodes_evaluated": 11800, "best_value_upper_rt": "-4.557288366078597621062099665557676620E-14", "elapsed_seconds": 922.7012463528663}
{"nodes_evaluated": 11900, "best_value_upper_rt": "-4.557288366078597621062099665557676620E-14", "elapsed_seconds": 928.7437970992178}
{"nodes_evaluated": 12000, "best_value_upper_rt": "-4.557288366078597621062099665557676620E-14", "elapsed_seconds": 934.8056784067303}
{"nodes_evaluated": 12100, "best_value_upper_rt": "-4.557288366078597621062099665557676620E-14", "elapsed_seconds": 940.823115568608}
{"nodes_evaluated": 12200, "best_value_upper_rt": "-4.557288366078597621062099665557676620E-14", "elapsed_seconds": 946.8008326031268}
{"nodes_evaluated": 12300, "best_value_upper_rt": "-4.557288366078597621062099665557676620E-14", "elapsed_seconds": 952.8853937033564}
{"nodes_evaluated": 12400, "best_value_upper_rt": "-4.557288366078597621062099665557676620E-14", "elapsed_seconds": 958.9577619228512}
{"nodes_evaluated": 12500, "best_value_upper_rt": "-4.557288366078597621062099665557676620E-14", "elapsed_seconds": 965.0277583114803}
{"nodes_evaluated": 12600, "best_value_upper_rt": "-4.557288366078597621062099665557676620E-14", "elapsed_seconds": 971.1364814005792}
{"nodes_evaluated": 12700, "best_value_upper_rt": "-4.557288366078597621062099665557676620E-14", "elapsed_seconds": 977.2111575435847}
{"nodes_evaluated": 12800, "best_value_upper_rt": "-4.557288366078597621062099665557676620E-14", "elapsed_seconds": 983.2502705492079}
{"nodes_evaluated": 12900, "best_value_upper_rt": "-4.557288366078597621062099665557676620E-14", "elapsed_seconds": 989.3557206597179}
{"nodes_evaluated": 13000, "best_value_upper_rt": "-4.557288366078597621062099665557676620E-14", "elapsed_seconds": 995.4680329915136}
{"nodes_evaluated": 13100, "best_value_upper_rt": "-4.557288366078597621062099665557676620E-14", "elapsed_seconds": 1002.2702921032906}
{"nodes_evaluated": 13200, "best_value_upper_rt": "-4.557288366078597621062099665557676620E-14", "elapsed_seconds": 1008.3995350915939}
{"nodes_evaluated": 13300, "best_value_upper_rt": "-4.557288366078597621062099665557676620E-14", "elapsed_seconds": 1014.487253068015}
{"nodes_evaluated": 13400, "best_value_upper_rt": "-4.557288366078597621062099665557676620E-14", "elapsed_seconds": 1039.25547542423}
{"nodes_evaluated": 13500, "best_value_upper_rt": "-4.557288366078597621062099665557676620E-14", "elapsed_seconds": 1045.750625822693}
{"nodes_evaluated": 13600, "best_value_upper_rt": "-4.557288366078597621062099665557676620E-14", "elapsed_seconds": 1051.650513190776}
{"nodes_evaluated": 13700, "best_value_upper_rt": "-4.557288366078597621062099665557676620E-14", "elapsed_seconds": 1057.519274899736}
{"nodes_evaluated": 13800, "best_value_upper_rt": "-4.557288366078597621062099665557676620E-14", "elapsed_seconds": 1063.3880225755274}
{"nodes_evaluated": 13900, "best_value_upper_rt": "-4.557288366078597621062099665557676620E-14", "elapsed_seconds": 1069.2709072306752}
{"nodes_evaluated": 14000, "best_value_upper_rt": "-4.557288366078597621062099665557676620E-14", "elapsed_seconds": 1075.128263965249}
{"nodes_evaluated": 14100, "best_value_upper_rt": "-4.557288366078597621062099665557676620E-14", "elapsed_seconds": 1081.0086798723787}
{"nodes_evaluated": 14200, "best_value_upper_rt": "-4.557288366078597621062099665557676620E-14", "elapsed_seconds": 1086.8378720842302}
{"nodes_evaluated": 14300, "best_value_upper_rt": "-4.557288366078597621062099665557676620E-14", "elapsed_seconds": 1092.7092417553067}
{"nodes_evaluated": 14400, "best_value_upper_rt": "-4.557288366078597621062099665557676620E-14", "elapsed_seconds": 1098.563235539943}
{"nodes_evaluated": 14500, "best_value_upper_rt": "-4.557288366078597621062099665557676620E-14", "elapsed_seconds": 1104.4259570762515}
{"nodes_evaluated": 14600, "best_value_upper_rt": "-4.557288366078597621062099665557676620E-14", "elapsed_seconds": 1110.2965564467013}
{"nodes_evaluated": 14700, "best_value_upper_rt": "-4.557288366078597621062099665557676620E-14", "elapsed_seconds": 1116.1260039545596}
{"nodes_evaluated": 14800, "best_value_upper_rt": "-4.557288366078597621062099665557676620E-14", "elapsed_seconds": 1122.0701419692487}
{"nodes_evaluated": 14900, "best_value_upper_rt": "-4.557288366078597621062099665557676620E-14", "elapsed_seconds": 1127.9689890351146}
{"nodes_evaluated": 15000, "best_value_upper_rt": "-4.557288366078597621062099665557676620E-14", "elapsed_seconds": 1133.8063820321113}
{"nodes_evaluated": 15100, "best_value_upper_rt": "-4.557288366078597621062099665557676620E-14", "elapsed_seconds": 1139.706344947219}
{"nodes_evaluated": 15200, "best_value_upper_rt": "-4.557288366078597621062099665557676620E-14", "elapsed_seconds": 1145.5959282722324}
{"nodes_evaluated": 15300, "best_value_upper_rt": "-4.557288366078597621062099665557676620E-14", "elapsed_seconds": 1151.5192011315376}
{"nodes_evaluated": 15400, "best_value_upper_rt": "-4.557288366078597621062099665557676620E-14", "elapsed_seconds": 1157.5535218212754}
{"nodes_evaluated": 15500, "best_value_upper_rt": "-4.557288366078597621062099665557676620E-14", "elapsed_seconds": 1163.600090706721}
{"nodes_evaluated": 15600, "best_value_upper_rt": "-4.557288366078597621062099665557676620E-14", "elapsed_seconds": 1169.5029360558838}
{"nodes_evaluated": 15700, "best_value_upper_rt": "-4.557288366078597621062099665557676620E-14", "elapsed_seconds": 1175.367408266291}
{"nodes_evaluated": 15800, "best_value_upper_rt": "-4.557288366078597621062099665557676620E-14", "elapsed_seconds": 1181.248975707218}
{"nodes_evaluated": 15900, "best_value_upper_rt": "-4.557288366078597621062099665557676620E-14", "elapsed_seconds": 1187.1629561893642}
{"nodes_evaluated": 16000, "best_value_upper_rt": "-4.557288366078597621062099665557676620E-14", "elapsed_seconds": 1193.0615517590195}
{"nodes_evaluated": 16100, "best_value_upper_rt": "-4.557288366078597621062099665557676620E-14", "elapsed_seconds": 1198.949953187257}
{"nodes_evaluated": 16200, "best_value_upper_rt": "-4.557288366078597621062099665557676620E-14", "elapsed_seconds": 1204.84141587466}
{"nodes_evaluated": 16300, "best_value_upper_rt": "-4.557288366078597621062099665557676620E-14", "elapsed_seconds": 1210.7359788678586}
{"nodes_evaluated": 16400, "best_value_upper_rt": "-4.557288366078597621062099665557676620E-14", "elapsed_seconds": 1216.6279324386269}
{"nodes_evaluated": 16500, "best_value_upper_rt": "-4.557288366078597621062099665557676620E-14", "elapsed_seconds": 1222.5008039027452}
{"nodes_evaluated": 16600, "best_value_upper_rt": "-4.557288366078597621062099665557676620E-14", "elapsed_seconds": 1228.3757572192699}
{"nodes_evaluated": 16700, "best_value_upper_rt": "-4.557288366078597621062099665557676620E-14", "elapsed_seconds": 1234.2884382493794}
{"nodes_evaluated": 16800, "best_value_upper_rt": "-4.557288366078597621062099665557676620E-14", "elapsed_seconds": 1240.1220756750554}
{"nodes_evaluated": 16900, "best_value_upper_rt": "-4.557288366078597621062099665557676620E-14", "elapsed_seconds": 1245.960147049278}
{"nodes_evaluated": 17000, "best_value_upper_rt": "-4.557288366078597621062099665557676620E-14", "elapsed_seconds": 1251.880698127672}
{"nodes_evaluated": 17100, "best_value_upper_rt": "-4.557288366078597621062099665557676620E-14", "elapsed_seconds": 1257.8388194441795}
{"nodes_evaluated": 17200, "best_value_upper_rt": "-4.557288366078597621062099665557676620E-14", "elapsed_seconds": 1291.2162867914885}
{"nodes_evaluated": 17300, "best_value_upper_rt": "-4.557288366078597621062099665557676620E-14", "elapsed_seconds": 1297.2329968903214}
{"nodes_evaluated": 17400, "best_value_upper_rt": "-4.557288366078597621062099665557676620E-14", "elapsed_seconds": 1303.2304189559072}
{"nodes_evaluated": 17500, "best_value_upper_rt": "-4.557288366078597621062099665557676620E-14", "elapsed_seconds": 1309.1531694363803}
{"nodes_evaluated": 17600, "best_value_upper_rt": "-4.557288366078597621062099665557676620E-14", "elapsed_seconds": 1315.0516028981656}
{"nodes_evaluated": 17700, "best_value_upper_rt": "-4.557288366078597621062099665557676620E-14", "elapsed_seconds": 1320.9050386156887}
{"nodes_evaluated": 17800, "best_value_upper_rt": "-4.557288366078597621062099665557676620E-14", "elapsed_seconds": 1326.7611023113132}
{"nodes_evaluated": 17900, "best_value_upper_rt": "-4.557288366078597621062099665557676620E-14", "elapsed_seconds": 1332.651744402945}
{"nodes_evaluated": 18000, "best_value_upper_rt": "-4.557288366078597621062099665557676620E-14", "elapsed_seconds": 1338.5294823348522}
{"nodes_evaluated": 18100, "best_value_upper_rt": "-4.557288366078597621062099665557676620E-14", "elapsed_seconds": 1344.4186793733388}
{"nodes_evaluated": 18200, "best_value_upper_rt": "-4.557288366078597621062099665557676620E-14", "elapsed_seconds": 1350.3332329187542}
{"nodes_evaluated": 18300, "best_value_upper_rt": "-4.557288366078597621062099665557676620E-14", "elapsed_seconds": 1356.2175066359341}
{"nodes_evaluated": 18400, "best_value_upper_rt": "-4.557288366078597621062099665557676620E-14", "elapsed_seconds": 1362.1190282534808}
{"nodes_evaluated": 18500, "best_value_upper_rt": "-4.557288366078597621062099665557676620E-14", "elapsed_seconds": 1367.9600623827428}
{"nodes_evaluated": 18600, "best_value_upper_rt": "-4.557288366078597621062099665557676620E-14", "elapsed_seconds": 1373.8462596945465}
{"nodes_evaluated": 18700, "best_value_upper_rt": "-4.557288366078597621062099665557676620E-14", "elapsed_seconds": 1379.7245963476598}
{"nodes_evaluated": 18800, "best_value_upper_rt": "-4.557288366078597621062099665557676620E-14", "elapsed_seconds": 1385.6266013979912}
{"nodes_evaluated": 18900, "best_value_upper_rt": "-4.557288366078597621062099665557676620E-14", "elapsed_seconds": 1391.4843665212393}
{"nodes_evaluated": 19000, "best_value_upper_rt": "-4.557288366078597621062099665557676620E-14", "elapsed_seconds": 1397.3212182912976}
{"nodes_evaluated": 19100, "best_value_upper_rt": "-4.557288366078597621062099665557676620E-14", "elapsed_seconds": 1403.181319911033}
{"nodes_evaluated": 19200, "best_value_upper_rt": "-4.557288366078597621062099665557676620E-14", "elapsed_seconds": 1409.066603006795}
{"nodes_evaluated": 19300, "best_value_upper_rt": "-4.557288366078597621062099665557676620E-14", "elapsed_seconds": 1414.9331413116306}
{"nodes_evaluated": 19400, "best_value_upper_rt": "-4.557288366078597621062099665557676620E-14", "elapsed_seconds": 1420.8298356477171}
{"nodes_evaluated": 19500, "best_value_upper_rt": "-4.557288366078597621062099665557676620E-14", "elapsed_seconds": 1426.7147606033832}
{"nodes_evaluated": 19600, "best_value_upper_rt": "-4.557288366078597621062099665557676620E-14", "elapsed_seconds": 1432.55870196037}
{"nodes_evaluated": 19700, "best_value_upper_rt": "-4.557288366078597621062099665557676620E-14", "elapsed_seconds": 1438.3961327094585}
{"nodes_evaluated": 19800, "best_value_upper_rt": "-4.557288366078597621062099665557676620E-14", "elapsed_seconds": 1444.1510054469109}
{"nodes_evaluated": 19900, "best_value_upper_rt": "-4.557288366078597621062099665557676620E-14", "elapsed_seconds": 1450.0467481985688}
-0.000624724174403352128467883159551539428039573755133 19999 False
