{"phase": "hornblende", "formal_global_insertion_bound_accepted": true, "lower_bound_rt_per_formula_unit": 14.978263199429051, "node_count": 1, "unresolved_box_count": 0, "bound_within_requested_tolerance": true}
{"phase": "biotite", "formal_global_insertion_bound_accepted": true, "lower_bound_rt_per_formula_unit": 13.353396620452441, "node_count": 1, "unresolved_box_count": 0, "bound_within_requested_tolerance": true}
{"phase": "garnet", "formal_global_insertion_bound_accepted": true, "lower_bound_rt_per_formula_unit": 1.1404857304360183, "node_count": 3, "unresolved_box_count": 0, "bound_within_requested_tolerance": true}
{"phase": "alkali-feldspar", "formal_global_insertion_bound_accepted": true, "lower_bound_rt_per_formula_unit": 2.429315922798057, "node_count": 3, "unresolved_box_count": 0, "bound_within_requested_tolerance": true}
{"phase": "kalsilite", "formal_global_insertion_bound_accepted": true, "lower_bound_rt_per_formula_unit": 8.405848619328255, "node_count": 1, "unresolved_box_count": 0, "bound_within_requested_tolerance": true}
{"phase": "leucite", "formal_global_insertion_bound_accepted": true, "lower_bound_rt_per_formula_unit": 1.1774739325060215, "node_count": 1, "unresolved_box_count": 0, "bound_within_requested_tolerance": true}
{"phase": "alloy-solid", "formal_global_insertion_bound_accepted": true, "lower_bound_rt_per_formula_unit": 0.23060278394225334, "node_count": 1, "unresolved_box_count": 0, "bound_within_requested_tolerance": true}
{"phase": "alloy-liquid", "formal_global_insertion_bound_accepted": true, "lower_bound_rt_per_formula_unit": 0.04536556585173135, "node_count": 1, "unresolved_box_count": 0, "bound_within_requested_tolerance": true}
{"phase": "cummingtonite", "formal_global_insertion_bound_accepted": true, "lower_bound_rt_per_formula_unit": 9.778603466507164, "node_count": 1, "unresolved_box_count": 0, "bound_within_requested_tolerance": true}
{"phase": "olivine", "formal_global_insertion_bound_accepted": true, "lower_bound_rt_per_formula_unit": 0.0015623486626745332, "node_count": 9, "unresolved_box_count": 0, "bound_within_requested_tolerance": true}
{"phase": "nepheline", "formal_global_insertion_bound_accepted": true, "lower_bound_rt_per_formula_unit": 4.6674919136223485, "node_count": 1, "unresolved_box_count": 0, "bound_within_requested_tolerance": true}
{"phase": "clinoamphibole", "formal_global_insertion_bound_accepted": true, "lower_bound_rt_per_formula_unit": 3.933737635185373, "node_count": 1, "unresolved_box_count": 0, "bound_within_requested_tolerance": true}
{"phase": "orthoamphibole", "formal_global_insertion_bound_accepted": true, "lower_bound_rt_per_formula_unit": 3.5640086281897467, "node_count": 1, "unresolved_box_count": 0, "bound_within_requested_tolerance": true}
{"phase": "melilite", "formal_global_insertion_bound_accepted": true, "lower_bound_rt_per_formula_unit": 1.903911992506217, "node_count": 1, "unresolved_box_count": 0, "bound_within_requested_tolerance": true}
{"phase": "ortho-oxide", "formal_global_insertion_bound_accepted": true, "lower_bound_rt_per_formula_unit": 0.9416522933615805, "node_count": 3, "unresolved_box_count": 0, "bound_within_requested_tolerance": true}
{"phase": "rhm-oxide", "formal_global_insertion_bound_accepted": true, "lower_bound_rt_per_formula_unit": 0.09796099625620645, "node_count": 59, "unresolved_box_count": 0, "bound_within_requested_tolerance": true}
{"phase": "plagioclase", "formal_global_insertion_bound_accepted": true, "lower_bound_rt_per_formula_unit": 1.9319358913154847, "node_count": 1, "unresolved_box_count": 0, "bound_within_requested_tolerance": true}
{"phase": "clinopyroxene", "formal_global_insertion_bound_accepted": true, "lower_bound_rt_per_formula_unit": 0.007455451042878329, "node_count": 515, "unresolved_box_count": 0, "bound_within_requested_tolerance": true}
{"phase": "orthopyroxene", "formal_global_insertion_bound_accepted": true, "lower_bound_rt_per_formula_unit": 0.000370622565611766, "node_count": 731, "unresolved_box_count": 0, "bound_within_requested_tolerance": true}
{"phase": "spinel", "formal_global_insertion_bound_accepted": true, "lower_bound_rt_per_formula_unit": 0.01028145072060386, "node_count": 313, "unresolved_box_count": 0, "bound_within_requested_tolerance": true}
